Resource Usage Report
Part: lav_at_e70es1lfg1156c-1


Register bits: 34077 of 397440 (9%)
I/O cells:       91

Details:
BB:             62
CCU2C:          2359
CONFIG_LMMIC:   1
DCCA:           1
DDRPHY32E:      1
DELAYE:         5
DP32K:          48
DPR16X4A:       708
DPR32X2:        1536
ECLKDIVA:       1
ECLKSYNCA:      1
FD1P3BX:        1378
FD1P3DX:        25205
FD1P3IX:        7348
FD1P3JX:        144
GSRA:           1
IB:             10
IDDRX1A:        5
IFD1P3BX:       1
INV:            446
JTAGH25:        1
LUT4:           30834
OB:             19
ODDRX1A:        5
OFD1P3DX:       1
OSCE:           1
PDP32K:         11
PDPSC32K:       37
PLLC:           2
PLL_LMMI_MUX:   1
SPR16X4A:       3
VHI:            933
VLO:            924
WIDEFN9:        1541
MULT18X18A:     4
MULTADDSUB18X18A: 2

Resource Usage inside macros:
Registers: 0
LUTs: 0
EBRs: 0
DSPs: 0
Distributed RAMs: 0
Carry Chains: 0
Blackboxes: 0

Mapping Summary:
Total number of registers: 34077 + 0 = 34077 of 397440 (8.57%)
Total number of LUTs: 30834 + 0 = 30834 
Total number of EBRs: 96 + 0 = 96 of 990 (9.70%)
Total number of DSPs: 6 + 0 = 6 of 1800 (0.33%)
Total number of Distributed RAMs: 2247 + 0 = 2247 
Total number of Carry Chains: 2359 + 0 = 2359 
Total number of BlackBoxes: 1883 + 0 = 1883 
