
Copyright (C) 1994-2023 Synopsys, Inc.
This Synopsys software and all associated documentation are proprietary to Synopsys, Inc.
and may only be used pursuant to the terms and conditions of a written license agreement
with Synopsys, Inc. All other use, reproduction, modification, or distribution of the
Synopsys software or the associated documentation is strictly prohibited.
Tool: Synplify Pro (R)
Build: V-2023.09LR-1
Install: C:\lscc\radiant\2024.1\synpbase
OS: Windows 10 or later
Hostname: LPGL109105

Implementation : impl_1

# Written on Fri Sep 20 14:45:15 2024

##### DESIGN INFO #######################################################

Top View:                "cva6"
Constraint File(s):      "C:\lscc\radiant\2024.1\scripts\tcl\flow\radiant_synplify_vars.tcl"




##### SUMMARY ############################################################

Found 0 issues in 0 out of 8 constraints


##### DETAILS ############################################################



Clock Relationships
*******************

Starting                                                       Ending                                                         |     rise to rise     |     fall to fall     |     rise to fall     |     fall to rise                     
-----------------------------------------------------------------------------------------------------------------------------------------------------------------------------------------------------------------------------------------
cva6|clk_i                                                     cva6|clk_i                                                     |     5.000            |     No paths         |     No paths         |     No paths                         
cva6|clk_i                                                     load_unit_0_1s_23_layer0|rdata_is_fp_signed_inferred_clock     |     Diff grp         |     No paths         |     No paths         |     No paths                         
load_unit_0_1s_23_layer0|rdata_is_fp_signed_inferred_clock     cva6|clk_i                                                     |     Diff grp         |     No paths         |     No paths         |     No paths                         
=========================================================================================================================================================================================================================================
 Note: 'No paths' indicates there are no paths in the design for that pair of clock edges.
       'Diff grp' indicates that paths exist but the starting clock and ending clock are in different clock groups.


Unconstrained Start/End Points
******************************

p:boot_addr_i[0]
p:boot_addr_i[1]
p:boot_addr_i[2]
p:boot_addr_i[3]
p:boot_addr_i[4]
p:boot_addr_i[5]
p:boot_addr_i[6]
p:boot_addr_i[7]
p:boot_addr_i[8]
p:boot_addr_i[9]
p:boot_addr_i[10]
p:boot_addr_i[11]
p:boot_addr_i[12]
p:boot_addr_i[13]
p:boot_addr_i[14]
p:boot_addr_i[15]
p:boot_addr_i[16]
p:boot_addr_i[17]
p:boot_addr_i[18]
p:boot_addr_i[19]
p:boot_addr_i[20]
p:boot_addr_i[21]
p:boot_addr_i[22]
p:boot_addr_i[23]
p:boot_addr_i[24]
p:boot_addr_i[25]
p:boot_addr_i[26]
p:boot_addr_i[27]
p:boot_addr_i[28]
p:boot_addr_i[29]
p:boot_addr_i[30]
p:boot_addr_i[31]
p:cvxif_req_o[0]
p:cvxif_req_o[1]
p:cvxif_req_o[2]
p:cvxif_req_o[3]
p:cvxif_req_o[4]
p:cvxif_req_o[5]
p:cvxif_req_o[6]
p:cvxif_req_o[7]
p:cvxif_req_o[8]
p:cvxif_req_o[9]
p:cvxif_req_o[10]
p:cvxif_req_o[11]
p:cvxif_req_o[12]
p:cvxif_req_o[13]
p:cvxif_req_o[14]
p:cvxif_req_o[15]
p:cvxif_req_o[16]
p:cvxif_req_o[17]
p:cvxif_req_o[18]
p:cvxif_req_o[19]
p:cvxif_req_o[20]
p:cvxif_req_o[21]
p:cvxif_req_o[22]
p:cvxif_req_o[23]
p:cvxif_req_o[24]
p:cvxif_req_o[25]
p:cvxif_req_o[26]
p:cvxif_req_o[27]
p:cvxif_req_o[28]
p:cvxif_req_o[29]
p:cvxif_req_o[30]
p:cvxif_req_o[31]
p:cvxif_req_o[32]
p:cvxif_req_o[33]
p:cvxif_req_o[34]
p:cvxif_req_o[35]
p:cvxif_req_o[36]
p:cvxif_req_o[37]
p:cvxif_req_o[38]
p:cvxif_req_o[39]
p:cvxif_req_o[40]
p:cvxif_req_o[41]
p:cvxif_req_o[42]
p:cvxif_req_o[43]
p:cvxif_req_o[44]
p:cvxif_req_o[45]
p:cvxif_req_o[46]
p:cvxif_req_o[47]
p:cvxif_req_o[48]
p:cvxif_req_o[49]
p:cvxif_req_o[50]
p:cvxif_req_o[51]
p:cvxif_req_o[52]
p:cvxif_req_o[53]
p:cvxif_req_o[54]
p:cvxif_req_o[55]
p:cvxif_req_o[56]
p:cvxif_req_o[57]
p:cvxif_req_o[58]
p:cvxif_req_o[59]
p:cvxif_req_o[60]
p:cvxif_req_o[61]
p:cvxif_req_o[62]
p:cvxif_req_o[63]
p:cvxif_req_o[64]
p:cvxif_req_o[65]
p:cvxif_req_o[66]
p:cvxif_req_o[67]
p:cvxif_req_o[68]
p:cvxif_req_o[69]
p:cvxif_req_o[70]
p:cvxif_req_o[71]
p:cvxif_req_o[72]
p:cvxif_req_o[73]
p:cvxif_req_o[74]
p:cvxif_req_o[75]
p:cvxif_req_o[76]
p:cvxif_req_o[77]
p:cvxif_req_o[78]
p:cvxif_req_o[79]
p:cvxif_req_o[80]
p:cvxif_req_o[81]
p:cvxif_req_o[82]
p:cvxif_req_o[83]
p:cvxif_req_o[84]
p:cvxif_req_o[85]
p:cvxif_req_o[86]
p:cvxif_req_o[87]
p:cvxif_req_o[88]
p:cvxif_req_o[89]
p:cvxif_req_o[90]
p:cvxif_req_o[91]
p:cvxif_req_o[92]
p:cvxif_req_o[93]
p:cvxif_req_o[94]
p:cvxif_req_o[95]
p:cvxif_req_o[96]
p:cvxif_req_o[97]
p:cvxif_req_o[98]
p:cvxif_req_o[99]
p:cvxif_req_o[100]
p:cvxif_req_o[101]
p:cvxif_req_o[102]
p:cvxif_req_o[103]
p:cvxif_req_o[104]
p:cvxif_req_o[105]
p:cvxif_req_o[106]
p:cvxif_req_o[107]
p:cvxif_req_o[108]
p:cvxif_req_o[109]
p:cvxif_req_o[110]
p:cvxif_req_o[111]
p:cvxif_req_o[112]
p:cvxif_req_o[113]
p:cvxif_req_o[114]
p:cvxif_req_o[115]
p:cvxif_req_o[116]
p:cvxif_req_o[117]
p:cvxif_req_o[118]
p:cvxif_req_o[119]
p:cvxif_req_o[120]
p:cvxif_req_o[121]
p:cvxif_req_o[122]
p:cvxif_req_o[123]
p:cvxif_req_o[124]
p:cvxif_req_o[125]
p:cvxif_req_o[126]
p:cvxif_req_o[127]
p:cvxif_req_o[128]
p:cvxif_req_o[129]
p:cvxif_req_o[130]
p:cvxif_req_o[131]
p:cvxif_req_o[132]
p:cvxif_req_o[133]
p:cvxif_req_o[134]
p:cvxif_req_o[135]
p:cvxif_req_o[136]
p:cvxif_req_o[137]
p:cvxif_req_o[138]
p:cvxif_req_o[139]
p:cvxif_req_o[140]
p:cvxif_req_o[141]
p:cvxif_req_o[142]
p:cvxif_req_o[143]
p:cvxif_req_o[144]
p:cvxif_req_o[145]
p:cvxif_req_o[146]
p:cvxif_req_o[147]
p:cvxif_req_o[148]
p:cvxif_req_o[149]
p:cvxif_req_o[150]
p:cvxif_req_o[151]
p:cvxif_req_o[152]
p:cvxif_req_o[153]
p:cvxif_req_o[154]
p:cvxif_req_o[155]
p:cvxif_req_o[156]
p:cvxif_req_o[157]
p:cvxif_req_o[158]
p:cvxif_req_o[159]
p:cvxif_req_o[160]
p:cvxif_req_o[161]
p:cvxif_req_o[162]
p:cvxif_req_o[163]
p:cvxif_req_o[164]
p:cvxif_req_o[165]
p:cvxif_req_o[166]
p:cvxif_req_o[167]
p:cvxif_req_o[168]
p:cvxif_req_o[169]
p:cvxif_req_o[170]
p:cvxif_req_o[171]
p:cvxif_req_o[172]
p:cvxif_req_o[173]
p:cvxif_req_o[174]
p:cvxif_req_o[175]
p:cvxif_req_o[176]
p:cvxif_req_o[177]
p:cvxif_req_o[178]
p:cvxif_req_o[179]
p:cvxif_req_o[180]
p:cvxif_req_o[181]
p:cvxif_req_o[182]
p:cvxif_req_o[183]
p:cvxif_req_o[184]
p:cvxif_req_o[185]
p:cvxif_req_o[186]
p:cvxif_req_o[187]
p:cvxif_req_o[188]
p:cvxif_req_o[189]
p:cvxif_req_o[190]
p:cvxif_req_o[191]
p:cvxif_req_o[192]
p:cvxif_req_o[193]
p:cvxif_req_o[194]
p:cvxif_req_o[195]
p:cvxif_req_o[196]
p:cvxif_req_o[197]
p:cvxif_req_o[198]
p:cvxif_req_o[199]
p:cvxif_req_o[200]
p:cvxif_req_o[201]
p:cvxif_req_o[202]
p:cvxif_req_o[203]
p:cvxif_req_o[204]
p:cvxif_resp_i[0]
p:cvxif_resp_i[1]
p:cvxif_resp_i[2]
p:cvxif_resp_i[3]
p:cvxif_resp_i[4]
p:cvxif_resp_i[5]
p:cvxif_resp_i[6]
p:cvxif_resp_i[7]
p:cvxif_resp_i[8]
p:cvxif_resp_i[9]
p:cvxif_resp_i[10]
p:cvxif_resp_i[11]
p:cvxif_resp_i[12]
p:cvxif_resp_i[13]
p:cvxif_resp_i[14]
p:cvxif_resp_i[15]
p:cvxif_resp_i[16]
p:cvxif_resp_i[17]
p:cvxif_resp_i[18]
p:cvxif_resp_i[19]
p:cvxif_resp_i[20]
p:cvxif_resp_i[21]
p:cvxif_resp_i[22]
p:cvxif_resp_i[23]
p:cvxif_resp_i[24]
p:cvxif_resp_i[25]
p:cvxif_resp_i[26]
p:cvxif_resp_i[27]
p:cvxif_resp_i[28]
p:cvxif_resp_i[29]
p:cvxif_resp_i[30]
p:cvxif_resp_i[31]
p:cvxif_resp_i[32]
p:cvxif_resp_i[33]
p:cvxif_resp_i[34]
p:cvxif_resp_i[35]
p:cvxif_resp_i[36]
p:cvxif_resp_i[37]
p:cvxif_resp_i[38]
p:cvxif_resp_i[39]
p:cvxif_resp_i[40]
p:cvxif_resp_i[41]
p:cvxif_resp_i[42]
p:cvxif_resp_i[43]
p:cvxif_resp_i[44]
p:cvxif_resp_i[45]
p:cvxif_resp_i[46]
p:cvxif_resp_i[47]
p:cvxif_resp_i[48]
p:cvxif_resp_i[49]
p:cvxif_resp_i[50]
p:cvxif_resp_i[51]
p:cvxif_resp_i[52]
p:cvxif_resp_i[53]
p:cvxif_resp_i[54]
p:cvxif_resp_i[55]
p:cvxif_resp_i[56]
p:cvxif_resp_i[57]
p:cvxif_resp_i[58]
p:cvxif_resp_i[59]
p:cvxif_resp_i[60]
p:cvxif_resp_i[61]
p:cvxif_resp_i[62]
p:cvxif_resp_i[63]
p:cvxif_resp_i[64]
p:cvxif_resp_i[65]
p:cvxif_resp_i[66]
p:cvxif_resp_i[67]
p:cvxif_resp_i[68]
p:cvxif_resp_i[69]
p:cvxif_resp_i[70]
p:cvxif_resp_i[71]
p:cvxif_resp_i[72]
p:cvxif_resp_i[73]
p:cvxif_resp_i[74]
p:cvxif_resp_i[75]
p:cvxif_resp_i[76]
p:cvxif_resp_i[77]
p:cvxif_resp_i[78]
p:cvxif_resp_i[79]
p:cvxif_resp_i[80]
p:cvxif_resp_i[81]
p:cvxif_resp_i[82]
p:cvxif_resp_i[83]
p:cvxif_resp_i[84]
p:cvxif_resp_i[85]
p:cvxif_resp_i[86]
p:cvxif_resp_i[87]
p:cvxif_resp_i[88]
p:cvxif_resp_i[89]
p:cvxif_resp_i[90]
p:cvxif_resp_i[91]
p:cvxif_resp_i[92]
p:cvxif_resp_i[93]
p:cvxif_resp_i[94]
p:cvxif_resp_i[95]
p:cvxif_resp_i[96]
p:cvxif_resp_i[97]
p:cvxif_resp_i[98]
p:cvxif_resp_i[99]
p:cvxif_resp_i[100]
p:cvxif_resp_i[101]
p:cvxif_resp_i[102]
p:cvxif_resp_i[103]
p:cvxif_resp_i[104]
p:cvxif_resp_i[105]
p:cvxif_resp_i[106]
p:cvxif_resp_i[107]
p:cvxif_resp_i[108]
p:cvxif_resp_i[109]
p:cvxif_resp_i[110]
p:cvxif_resp_i[111]
p:cvxif_resp_i[112]
p:cvxif_resp_i[113]
p:cvxif_resp_i[114]
p:cvxif_resp_i[115]
p:cvxif_resp_i[116]
p:cvxif_resp_i[117]
p:cvxif_resp_i[118]
p:cvxif_resp_i[119]
p:cvxif_resp_i[120]
p:cvxif_resp_i[121]
p:cvxif_resp_i[122]
p:cvxif_resp_i[123]
p:cvxif_resp_i[124]
p:cvxif_resp_i[125]
p:cvxif_resp_i[126]
p:cvxif_resp_i[127]
p:cvxif_resp_i[128]
p:cvxif_resp_i[129]
p:cvxif_resp_i[130]
p:cvxif_resp_i[131]
p:cvxif_resp_i[132]
p:cvxif_resp_i[133]
p:cvxif_resp_i[134]
p:cvxif_resp_i[135]
p:cvxif_resp_i[136]
p:cvxif_resp_i[137]
p:cvxif_resp_i[138]
p:cvxif_resp_i[139]
p:cvxif_resp_i[140]
p:cvxif_resp_i[141]
p:cvxif_resp_i[142]
p:cvxif_resp_i[143]
p:cvxif_resp_i[144]
p:cvxif_resp_i[145]
p:cvxif_resp_i[146]
p:cvxif_resp_i[147]
p:cvxif_resp_i[148]
p:cvxif_resp_i[149]
p:cvxif_resp_i[150]
p:cvxif_resp_i[151]
p:cvxif_resp_i[152]
p:cvxif_resp_i[153]
p:cvxif_resp_i[154]
p:cvxif_resp_i[155]
p:cvxif_resp_i[156]
p:cvxif_resp_i[157]
p:cvxif_resp_i[158]
p:cvxif_resp_i[159]
p:cvxif_resp_i[160]
p:cvxif_resp_i[161]
p:cvxif_resp_i[162]
p:cvxif_resp_i[163]
p:cvxif_resp_i[164]
p:cvxif_resp_i[165]
p:cvxif_resp_i[166]
p:cvxif_resp_i[167]
p:cvxif_resp_i[168]
p:cvxif_resp_i[169]
p:cvxif_resp_i[170]
p:cvxif_resp_i[171]
p:cvxif_resp_i[172]
p:cvxif_resp_i[173]
p:cvxif_resp_i[174]
p:cvxif_resp_i[175]
p:cvxif_resp_i[176]
p:cvxif_resp_i[177]
p:cvxif_resp_i[178]
p:cvxif_resp_i[179]
p:cvxif_resp_i[180]
p:cvxif_resp_i[181]
p:cvxif_resp_i[182]
p:cvxif_resp_i[183]
p:cvxif_resp_i[184]
p:cvxif_resp_i[185]
p:cvxif_resp_i[186]
p:cvxif_resp_i[187]
p:cvxif_resp_i[188]
p:cvxif_resp_i[189]
p:cvxif_resp_i[190]
p:cvxif_resp_i[191]
p:cvxif_resp_i[192]
p:cvxif_resp_i[193]
p:cvxif_resp_i[194]
p:debug_req_i
p:hart_id_i[0]
p:hart_id_i[1]
p:hart_id_i[2]
p:hart_id_i[3]
p:hart_id_i[4]
p:hart_id_i[5]
p:hart_id_i[6]
p:hart_id_i[7]
p:hart_id_i[8]
p:hart_id_i[9]
p:hart_id_i[10]
p:hart_id_i[11]
p:hart_id_i[12]
p:hart_id_i[13]
p:hart_id_i[14]
p:hart_id_i[15]
p:hart_id_i[16]
p:hart_id_i[17]
p:hart_id_i[18]
p:hart_id_i[19]
p:hart_id_i[20]
p:hart_id_i[21]
p:hart_id_i[22]
p:hart_id_i[23]
p:hart_id_i[24]
p:hart_id_i[25]
p:hart_id_i[26]
p:hart_id_i[27]
p:hart_id_i[28]
p:hart_id_i[29]
p:hart_id_i[30]
p:hart_id_i[31]
p:ipi_i
p:irq_i[0]
p:irq_i[1]
p:noc_req_o[0]
p:noc_req_o[1]
p:noc_req_o[2]
p:noc_req_o[3]
p:noc_req_o[4]
p:noc_req_o[5]
p:noc_req_o[6]
p:noc_req_o[7]
p:noc_req_o[8]
p:noc_req_o[9]
p:noc_req_o[10]
p:noc_req_o[11]
p:noc_req_o[12]
p:noc_req_o[13]
p:noc_req_o[14]
p:noc_req_o[15]
p:noc_req_o[16]
p:noc_req_o[17]
p:noc_req_o[18]
p:noc_req_o[19]
p:noc_req_o[20]
p:noc_req_o[21]
p:noc_req_o[22]
p:noc_req_o[23]
p:noc_req_o[24]
p:noc_req_o[25]
p:noc_req_o[26]
p:noc_req_o[27]
p:noc_req_o[28]
p:noc_req_o[29]
p:noc_req_o[30]
p:noc_req_o[31]
p:noc_req_o[32]
p:noc_req_o[33]
p:noc_req_o[34]
p:noc_req_o[35]
p:noc_req_o[36]
p:noc_req_o[37]
p:noc_req_o[38]
p:noc_req_o[39]
p:noc_req_o[40]
p:noc_req_o[41]
p:noc_req_o[42]
p:noc_req_o[43]
p:noc_req_o[44]
p:noc_req_o[45]
p:noc_req_o[46]
p:noc_req_o[47]
p:noc_req_o[48]
p:noc_req_o[49]
p:noc_req_o[50]
p:noc_req_o[51]
p:noc_req_o[52]
p:noc_req_o[53]
p:noc_req_o[54]
p:noc_req_o[55]
p:noc_req_o[56]
p:noc_req_o[57]
p:noc_req_o[58]
p:noc_req_o[59]
p:noc_req_o[60]
p:noc_req_o[61]
p:noc_req_o[62]
p:noc_req_o[63]
p:noc_req_o[64]
p:noc_req_o[65]
p:noc_req_o[66]
p:noc_req_o[67]
p:noc_req_o[68]
p:noc_req_o[69]
p:noc_req_o[70]
p:noc_req_o[71]
p:noc_req_o[72]
p:noc_req_o[73]
p:noc_req_o[74]
p:noc_req_o[75]
p:noc_req_o[76]
p:noc_req_o[77]
p:noc_req_o[78]
p:noc_req_o[79]
p:noc_req_o[80]
p:noc_req_o[81]
p:noc_req_o[82]
p:noc_req_o[83]
p:noc_req_o[84]
p:noc_req_o[85]
p:noc_req_o[86]
p:noc_req_o[87]
p:noc_req_o[88]
p:noc_req_o[89]
p:noc_req_o[90]
p:noc_req_o[91]
p:noc_req_o[92]
p:noc_req_o[93]
p:noc_req_o[94]
p:noc_req_o[95]
p:noc_req_o[96]
p:noc_req_o[97]
p:noc_req_o[98]
p:noc_req_o[99]
p:noc_req_o[100]
p:noc_req_o[101]
p:noc_req_o[102]
p:noc_req_o[103]
p:noc_req_o[104]
p:noc_req_o[105]
p:noc_req_o[106]
p:noc_req_o[107]
p:noc_req_o[108]
p:noc_req_o[109]
p:noc_req_o[110]
p:noc_req_o[111]
p:noc_req_o[112]
p:noc_req_o[113]
p:noc_req_o[114]
p:noc_req_o[115]
p:noc_req_o[116]
p:noc_req_o[117]
p:noc_req_o[118]
p:noc_req_o[119]
p:noc_req_o[120]
p:noc_req_o[121]
p:noc_req_o[122]
p:noc_req_o[123]
p:noc_req_o[124]
p:noc_req_o[125]
p:noc_req_o[126]
p:noc_req_o[127]
p:noc_req_o[128]
p:noc_req_o[129]
p:noc_req_o[130]
p:noc_req_o[131]
p:noc_req_o[132]
p:noc_req_o[133]
p:noc_req_o[134]
p:noc_req_o[135]
p:noc_req_o[136]
p:noc_req_o[137]
p:noc_req_o[138]
p:noc_req_o[139]
p:noc_req_o[140]
p:noc_req_o[141]
p:noc_req_o[142]
p:noc_req_o[143]
p:noc_req_o[144]
p:noc_req_o[145]
p:noc_req_o[146]
p:noc_req_o[147]
p:noc_req_o[148]
p:noc_req_o[149]
p:noc_req_o[150]
p:noc_req_o[151]
p:noc_req_o[152]
p:noc_req_o[153]
p:noc_req_o[154]
p:noc_req_o[155]
p:noc_req_o[156]
p:noc_req_o[157]
p:noc_req_o[158]
p:noc_req_o[159]
p:noc_req_o[160]
p:noc_req_o[161]
p:noc_req_o[162]
p:noc_req_o[163]
p:noc_req_o[164]
p:noc_req_o[165]
p:noc_req_o[166]
p:noc_req_o[167]
p:noc_req_o[168]
p:noc_req_o[169]
p:noc_req_o[170]
p:noc_req_o[171]
p:noc_req_o[172]
p:noc_req_o[173]
p:noc_req_o[174]
p:noc_req_o[175]
p:noc_req_o[176]
p:noc_req_o[177]
p:noc_req_o[178]
p:noc_req_o[179]
p:noc_req_o[180]
p:noc_req_o[181]
p:noc_req_o[182]
p:noc_req_o[183]
p:noc_req_o[184]
p:noc_req_o[185]
p:noc_req_o[186]
p:noc_req_o[187]
p:noc_req_o[188]
p:noc_req_o[189]
p:noc_req_o[190]
p:noc_req_o[191]
p:noc_req_o[192]
p:noc_req_o[193]
p:noc_req_o[194]
p:noc_req_o[195]
p:noc_req_o[196]
p:noc_req_o[197]
p:noc_req_o[198]
p:noc_req_o[199]
p:noc_req_o[200]
p:noc_req_o[201]
p:noc_req_o[202]
p:noc_req_o[203]
p:noc_req_o[204]
p:noc_req_o[205]
p:noc_req_o[206]
p:noc_req_o[207]
p:noc_req_o[208]
p:noc_req_o[209]
p:noc_req_o[210]
p:noc_req_o[211]
p:noc_req_o[212]
p:noc_req_o[213]
p:noc_req_o[214]
p:noc_req_o[215]
p:noc_req_o[216]
p:noc_req_o[217]
p:noc_req_o[218]
p:noc_req_o[219]
p:noc_req_o[220]
p:noc_req_o[221]
p:noc_req_o[222]
p:noc_req_o[223]
p:noc_req_o[224]
p:noc_req_o[225]
p:noc_req_o[226]
p:noc_req_o[227]
p:noc_req_o[228]
p:noc_req_o[229]
p:noc_req_o[230]
p:noc_req_o[231]
p:noc_req_o[232]
p:noc_req_o[233]
p:noc_req_o[234]
p:noc_req_o[235]
p:noc_req_o[236]
p:noc_req_o[237]
p:noc_req_o[238]
p:noc_req_o[239]
p:noc_req_o[240]
p:noc_req_o[241]
p:noc_req_o[242]
p:noc_req_o[243]
p:noc_req_o[244]
p:noc_req_o[245]
p:noc_req_o[246]
p:noc_req_o[247]
p:noc_req_o[248]
p:noc_req_o[249]
p:noc_req_o[250]
p:noc_req_o[251]
p:noc_req_o[252]
p:noc_req_o[253]
p:noc_req_o[254]
p:noc_req_o[255]
p:noc_req_o[256]
p:noc_req_o[257]
p:noc_req_o[258]
p:noc_req_o[259]
p:noc_req_o[260]
p:noc_req_o[261]
p:noc_req_o[262]
p:noc_req_o[263]
p:noc_req_o[264]
p:noc_req_o[265]
p:noc_req_o[266]
p:noc_req_o[267]
p:noc_req_o[268]
p:noc_req_o[269]
p:noc_req_o[270]
p:noc_req_o[271]
p:noc_req_o[272]
p:noc_req_o[273]
p:noc_req_o[274]
p:noc_req_o[275]
p:noc_req_o[276]
p:noc_req_o[277]
p:noc_req_o[278]
p:noc_req_o[279]
p:noc_req_o[280]
p:noc_req_o[281]
p:noc_req_o[282]
p:noc_req_o[283]
p:noc_req_o[284]
p:noc_req_o[285]
p:noc_req_o[286]
p:noc_req_o[287]
p:noc_req_o[288]
p:noc_req_o[289]
p:noc_req_o[290]
p:noc_req_o[291]
p:noc_req_o[292]
p:noc_req_o[293]
p:noc_req_o[294]
p:noc_req_o[295]
p:noc_req_o[296]
p:noc_req_o[297]
p:noc_req_o[298]
p:noc_req_o[299]
p:noc_req_o[300]
p:noc_req_o[301]
p:noc_req_o[302]
p:noc_req_o[303]
p:noc_req_o[304]
p:noc_req_o[305]
p:noc_req_o[306]
p:noc_req_o[307]
p:noc_req_o[308]
p:noc_req_o[309]
p:noc_req_o[310]
p:noc_req_o[311]
p:noc_req_o[312]
p:noc_req_o[313]
p:noc_req_o[314]
p:noc_req_o[315]
p:noc_req_o[316]
p:noc_req_o[317]
p:noc_req_o[318]
p:noc_req_o[319]
p:noc_req_o[320]
p:noc_req_o[321]
p:noc_req_o[322]
p:noc_req_o[323]
p:noc_req_o[324]
p:noc_req_o[325]
p:noc_req_o[326]
p:noc_req_o[327]
p:noc_req_o[328]
p:noc_req_o[329]
p:noc_req_o[330]
p:noc_req_o[331]
p:noc_req_o[332]
p:noc_req_o[333]
p:noc_req_o[334]
p:noc_req_o[335]
p:noc_req_o[336]
p:noc_req_o[337]
p:noc_req_o[338]
p:noc_req_o[339]
p:noc_req_o[340]
p:noc_req_o[341]
p:noc_req_o[342]
p:noc_req_o[343]
p:noc_req_o[344]
p:noc_req_o[345]
p:noc_req_o[346]
p:noc_req_o[347]
p:noc_req_o[348]
p:noc_req_o[349]
p:noc_req_o[350]
p:noc_req_o[351]
p:noc_req_o[352]
p:noc_req_o[353]
p:noc_req_o[354]
p:noc_req_o[355]
p:noc_req_o[356]
p:noc_req_o[357]
p:noc_req_o[358]
p:noc_req_o[359]
p:noc_req_o[360]
p:noc_req_o[361]
p:noc_req_o[362]
p:noc_req_o[363]
p:noc_req_o[364]
p:noc_req_o[365]
p:noc_req_o[366]
p:noc_req_o[367]
p:noc_req_o[368]
p:noc_req_o[369]
p:noc_req_o[370]
p:noc_req_o[371]
p:noc_req_o[372]
p:noc_req_o[373]
p:noc_resp_i[0]
p:noc_resp_i[1]
p:noc_resp_i[2]
p:noc_resp_i[3]
p:noc_resp_i[4]
p:noc_resp_i[5]
p:noc_resp_i[6]
p:noc_resp_i[7]
p:noc_resp_i[8]
p:noc_resp_i[9]
p:noc_resp_i[10]
p:noc_resp_i[11]
p:noc_resp_i[12]
p:noc_resp_i[13]
p:noc_resp_i[14]
p:noc_resp_i[15]
p:noc_resp_i[16]
p:noc_resp_i[17]
p:noc_resp_i[18]
p:noc_resp_i[19]
p:noc_resp_i[20]
p:noc_resp_i[21]
p:noc_resp_i[22]
p:noc_resp_i[23]
p:noc_resp_i[24]
p:noc_resp_i[25]
p:noc_resp_i[26]
p:noc_resp_i[27]
p:noc_resp_i[28]
p:noc_resp_i[29]
p:noc_resp_i[30]
p:noc_resp_i[31]
p:noc_resp_i[32]
p:noc_resp_i[33]
p:noc_resp_i[34]
p:noc_resp_i[35]
p:noc_resp_i[36]
p:noc_resp_i[37]
p:noc_resp_i[38]
p:noc_resp_i[39]
p:noc_resp_i[40]
p:noc_resp_i[41]
p:noc_resp_i[42]
p:noc_resp_i[43]
p:noc_resp_i[44]
p:noc_resp_i[45]
p:noc_resp_i[46]
p:noc_resp_i[47]
p:noc_resp_i[48]
p:noc_resp_i[49]
p:noc_resp_i[50]
p:noc_resp_i[51]
p:noc_resp_i[52]
p:noc_resp_i[53]
p:noc_resp_i[54]
p:noc_resp_i[55]
p:noc_resp_i[56]
p:noc_resp_i[57]
p:noc_resp_i[58]
p:noc_resp_i[59]
p:noc_resp_i[60]
p:noc_resp_i[61]
p:noc_resp_i[62]
p:noc_resp_i[63]
p:noc_resp_i[64]
p:noc_resp_i[65]
p:noc_resp_i[66]
p:noc_resp_i[67]
p:noc_resp_i[68]
p:noc_resp_i[69]
p:noc_resp_i[70]
p:noc_resp_i[71]
p:noc_resp_i[72]
p:noc_resp_i[73]
p:noc_resp_i[74]
p:noc_resp_i[75]
p:noc_resp_i[76]
p:noc_resp_i[77]
p:noc_resp_i[78]
p:noc_resp_i[79]
p:noc_resp_i[80]
p:noc_resp_i[81]
p:noc_resp_i[82]
p:noc_resp_i[83]
p:noc_resp_i[84]
p:noc_resp_i[85]
p:noc_resp_i[86]
p:noc_resp_i[87]
p:noc_resp_i[88]
p:noc_resp_i[89]
p:noc_resp_i[90]
p:noc_resp_i[91]
p:noc_resp_i[92]
p:noc_resp_i[93]
p:noc_resp_i[94]
p:noc_resp_i[95]
p:noc_resp_i[96]
p:noc_resp_i[97]
p:noc_resp_i[98]
p:noc_resp_i[99]
p:noc_resp_i[100]
p:noc_resp_i[101]
p:noc_resp_i[102]
p:noc_resp_i[103]
p:noc_resp_i[104]
p:noc_resp_i[105]
p:noc_resp_i[106]
p:noc_resp_i[107]
p:noc_resp_i[108]
p:noc_resp_i[109]
p:noc_resp_i[110]
p:noc_resp_i[111]
p:noc_resp_i[112]
p:noc_resp_i[113]
p:noc_resp_i[114]
p:noc_resp_i[115]
p:noc_resp_i[116]
p:noc_resp_i[117]
p:noc_resp_i[118]
p:noc_resp_i[119]
p:noc_resp_i[120]
p:noc_resp_i[121]
p:noc_resp_i[122]
p:noc_resp_i[123]
p:noc_resp_i[124]
p:noc_resp_i[125]
p:noc_resp_i[126]
p:noc_resp_i[127]
p:noc_resp_i[128]
p:noc_resp_i[129]
p:noc_resp_i[130]
p:noc_resp_i[131]
p:noc_resp_i[132]
p:noc_resp_i[133]
p:noc_resp_i[134]
p:noc_resp_i[135]
p:noc_resp_i[136]
p:noc_resp_i[137]
p:noc_resp_i[138]
p:noc_resp_i[139]
p:noc_resp_i[140]
p:noc_resp_i[141]
p:noc_resp_i[142]
p:noc_resp_i[143]
p:noc_resp_i[144]
p:noc_resp_i[145]
p:rst_ni
p:rvfi_o[0]
p:rvfi_o[1]
p:rvfi_o[2]
p:rvfi_o[3]
p:rvfi_o[4]
p:rvfi_o[5]
p:rvfi_o[6]
p:rvfi_o[7]
p:rvfi_o[8]
p:rvfi_o[9]
p:rvfi_o[10]
p:rvfi_o[11]
p:rvfi_o[12]
p:rvfi_o[13]
p:rvfi_o[14]
p:rvfi_o[15]
p:rvfi_o[16]
p:rvfi_o[17]
p:rvfi_o[18]
p:rvfi_o[19]
p:rvfi_o[20]
p:rvfi_o[21]
p:rvfi_o[22]
p:rvfi_o[23]
p:rvfi_o[24]
p:rvfi_o[25]
p:rvfi_o[26]
p:rvfi_o[27]
p:rvfi_o[28]
p:rvfi_o[29]
p:rvfi_o[30]
p:rvfi_o[31]
p:rvfi_o[32]
p:rvfi_o[33]
p:rvfi_o[34]
p:rvfi_o[35]
p:rvfi_o[36]
p:rvfi_o[37]
p:rvfi_o[38]
p:rvfi_o[39]
p:rvfi_o[40]
p:rvfi_o[41]
p:rvfi_o[42]
p:rvfi_o[43]
p:rvfi_o[44]
p:rvfi_o[45]
p:rvfi_o[46]
p:rvfi_o[47]
p:rvfi_o[48]
p:rvfi_o[49]
p:rvfi_o[50]
p:rvfi_o[51]
p:rvfi_o[52]
p:rvfi_o[53]
p:rvfi_o[54]
p:rvfi_o[55]
p:rvfi_o[56]
p:rvfi_o[57]
p:rvfi_o[58]
p:rvfi_o[59]
p:rvfi_o[60]
p:rvfi_o[61]
p:rvfi_o[62]
p:rvfi_o[63]
p:rvfi_o[64]
p:rvfi_o[65]
p:rvfi_o[66]
p:rvfi_o[67]
p:rvfi_o[68]
p:rvfi_o[69]
p:rvfi_o[70]
p:rvfi_o[71]
p:rvfi_o[72]
p:rvfi_o[73]
p:rvfi_o[74]
p:rvfi_o[75]
p:rvfi_o[76]
p:rvfi_o[77]
p:rvfi_o[78]
p:rvfi_o[79]
p:rvfi_o[80]
p:rvfi_o[81]
p:rvfi_o[82]
p:rvfi_o[83]
p:rvfi_o[84]
p:rvfi_o[85]
p:rvfi_o[86]
p:rvfi_o[87]
p:rvfi_o[88]
p:rvfi_o[89]
p:rvfi_o[90]
p:rvfi_o[91]
p:rvfi_o[92]
p:rvfi_o[93]
p:rvfi_o[94]
p:rvfi_o[95]
p:rvfi_o[96]
p:rvfi_o[97]
p:rvfi_o[98]
p:rvfi_o[99]
p:rvfi_o[100]
p:rvfi_o[101]
p:rvfi_o[102]
p:rvfi_o[103]
p:rvfi_o[104]
p:rvfi_o[105]
p:rvfi_o[106]
p:rvfi_o[107]
p:rvfi_o[108]
p:rvfi_o[109]
p:rvfi_o[110]
p:rvfi_o[111]
p:rvfi_o[112]
p:rvfi_o[113]
p:rvfi_o[114]
p:rvfi_o[115]
p:rvfi_o[116]
p:rvfi_o[117]
p:rvfi_o[118]
p:rvfi_o[119]
p:rvfi_o[120]
p:rvfi_o[121]
p:rvfi_o[122]
p:rvfi_o[123]
p:rvfi_o[124]
p:rvfi_o[125]
p:rvfi_o[126]
p:rvfi_o[127]
p:rvfi_o[128]
p:rvfi_o[129]
p:rvfi_o[130]
p:rvfi_o[131]
p:rvfi_o[132]
p:rvfi_o[133]
p:rvfi_o[134]
p:rvfi_o[135]
p:rvfi_o[136]
p:rvfi_o[137]
p:rvfi_o[138]
p:rvfi_o[139]
p:rvfi_o[140]
p:rvfi_o[141]
p:rvfi_o[142]
p:rvfi_o[143]
p:rvfi_o[144]
p:rvfi_o[145]
p:rvfi_o[146]
p:rvfi_o[147]
p:rvfi_o[148]
p:rvfi_o[149]
p:rvfi_o[150]
p:rvfi_o[151]
p:rvfi_o[152]
p:rvfi_o[153]
p:rvfi_o[154]
p:rvfi_o[155]
p:rvfi_o[156]
p:rvfi_o[157]
p:rvfi_o[158]
p:rvfi_o[159]
p:rvfi_o[160]
p:rvfi_o[161]
p:rvfi_o[162]
p:rvfi_o[163]
p:rvfi_o[164]
p:rvfi_o[165]
p:rvfi_o[166]
p:rvfi_o[167]
p:rvfi_o[168]
p:rvfi_o[169]
p:rvfi_o[170]
p:rvfi_o[171]
p:rvfi_o[172]
p:rvfi_o[173]
p:rvfi_o[174]
p:rvfi_o[175]
p:rvfi_o[176]
p:rvfi_o[177]
p:rvfi_o[178]
p:rvfi_o[179]
p:rvfi_o[180]
p:rvfi_o[181]
p:rvfi_o[182]
p:rvfi_o[183]
p:rvfi_o[184]
p:rvfi_o[185]
p:rvfi_o[186]
p:rvfi_o[187]
p:rvfi_o[188]
p:rvfi_o[189]
p:rvfi_o[190]
p:rvfi_o[191]
p:rvfi_o[192]
p:rvfi_o[193]
p:rvfi_o[194]
p:rvfi_o[195]
p:rvfi_o[196]
p:rvfi_o[197]
p:rvfi_o[198]
p:rvfi_o[199]
p:rvfi_o[200]
p:rvfi_o[201]
p:rvfi_o[202]
p:rvfi_o[203]
p:rvfi_o[204]
p:rvfi_o[205]
p:rvfi_o[206]
p:rvfi_o[207]
p:rvfi_o[208]
p:rvfi_o[209]
p:rvfi_o[210]
p:rvfi_o[211]
p:rvfi_o[212]
p:rvfi_o[213]
p:rvfi_o[214]
p:rvfi_o[215]
p:rvfi_o[216]
p:rvfi_o[217]
p:rvfi_o[218]
p:rvfi_o[219]
p:rvfi_o[220]
p:rvfi_o[221]
p:rvfi_o[222]
p:rvfi_o[223]
p:rvfi_o[224]
p:rvfi_o[225]
p:rvfi_o[226]
p:rvfi_o[227]
p:rvfi_o[228]
p:rvfi_o[229]
p:rvfi_o[230]
p:rvfi_o[231]
p:rvfi_o[232]
p:rvfi_o[233]
p:rvfi_o[234]
p:rvfi_o[235]
p:rvfi_o[236]
p:rvfi_o[237]
p:rvfi_o[238]
p:rvfi_o[239]
p:rvfi_o[240]
p:rvfi_o[241]
p:rvfi_o[242]
p:rvfi_o[243]
p:rvfi_o[244]
p:rvfi_o[245]
p:rvfi_o[246]
p:rvfi_o[247]
p:rvfi_o[248]
p:rvfi_o[249]
p:rvfi_o[250]
p:rvfi_o[251]
p:rvfi_o[252]
p:rvfi_o[253]
p:rvfi_o[254]
p:rvfi_o[255]
p:rvfi_o[256]
p:rvfi_o[257]
p:rvfi_o[258]
p:rvfi_o[259]
p:rvfi_o[260]
p:rvfi_o[261]
p:rvfi_o[262]
p:rvfi_o[263]
p:rvfi_o[264]
p:rvfi_o[265]
p:rvfi_o[266]
p:rvfi_o[267]
p:rvfi_o[268]
p:rvfi_o[269]
p:rvfi_o[270]
p:rvfi_o[271]
p:rvfi_o[272]
p:rvfi_o[273]
p:rvfi_o[274]
p:rvfi_o[275]
p:rvfi_o[276]
p:rvfi_o[277]
p:rvfi_o[278]
p:rvfi_o[279]
p:rvfi_o[280]
p:rvfi_o[281]
p:rvfi_o[282]
p:rvfi_o[283]
p:rvfi_o[284]
p:rvfi_o[285]
p:rvfi_o[286]
p:rvfi_o[287]
p:rvfi_o[288]
p:rvfi_o[289]
p:rvfi_o[290]
p:rvfi_o[291]
p:rvfi_o[292]
p:rvfi_o[293]
p:rvfi_o[294]
p:rvfi_o[295]
p:rvfi_o[296]
p:rvfi_o[297]
p:rvfi_o[298]
p:rvfi_o[299]
p:rvfi_o[300]
p:rvfi_o[301]
p:rvfi_o[302]
p:rvfi_o[303]
p:rvfi_o[304]
p:rvfi_o[305]
p:rvfi_o[306]
p:rvfi_o[307]
p:rvfi_o[308]
p:rvfi_o[309]
p:rvfi_o[310]
p:rvfi_o[311]
p:rvfi_o[312]
p:rvfi_o[313]
p:rvfi_o[314]
p:rvfi_o[315]
p:rvfi_o[316]
p:rvfi_o[317]
p:rvfi_o[318]
p:rvfi_o[319]
p:rvfi_o[320]
p:rvfi_o[321]
p:rvfi_o[322]
p:rvfi_o[323]
p:rvfi_o[324]
p:rvfi_o[325]
p:rvfi_o[326]
p:rvfi_o[327]
p:rvfi_o[328]
p:rvfi_o[329]
p:rvfi_o[330]
p:rvfi_o[331]
p:rvfi_o[332]
p:rvfi_o[333]
p:rvfi_o[334]
p:rvfi_o[335]
p:rvfi_o[336]
p:rvfi_o[337]
p:rvfi_o[338]
p:rvfi_o[339]
p:rvfi_o[340]
p:rvfi_o[341]
p:rvfi_o[342]
p:rvfi_o[343]
p:rvfi_o[344]
p:rvfi_o[345]
p:rvfi_o[346]
p:rvfi_o[347]
p:rvfi_o[348]
p:rvfi_o[349]
p:rvfi_o[350]
p:rvfi_o[351]
p:rvfi_o[352]
p:rvfi_o[353]
p:rvfi_o[354]
p:rvfi_o[355]
p:rvfi_o[356]
p:rvfi_o[357]
p:rvfi_o[358]
p:rvfi_o[359]
p:rvfi_o[360]
p:rvfi_o[361]
p:rvfi_o[362]
p:rvfi_o[363]
p:rvfi_o[364]
p:rvfi_o[365]
p:rvfi_o[366]
p:rvfi_o[367]
p:rvfi_o[368]
p:rvfi_o[369]
p:rvfi_o[370]
p:rvfi_o[371]
p:rvfi_o[372]
p:rvfi_o[373]
p:rvfi_o[374]
p:rvfi_o[375]
p:rvfi_o[376]
p:rvfi_o[377]
p:rvfi_o[378]
p:rvfi_o[379]
p:rvfi_o[380]
p:rvfi_o[381]
p:rvfi_o[382]
p:rvfi_o[383]
p:rvfi_o[384]
p:rvfi_o[385]
p:rvfi_o[386]
p:rvfi_o[387]
p:rvfi_o[388]
p:rvfi_o[389]
p:rvfi_o[390]
p:rvfi_o[391]
p:rvfi_o[392]
p:rvfi_o[393]
p:rvfi_o[394]
p:rvfi_o[395]
p:rvfi_o[396]
p:rvfi_o[397]
p:rvfi_o[398]
p:rvfi_o[399]
p:rvfi_o[400]
p:rvfi_o[401]
p:rvfi_o[402]
p:rvfi_o[403]
p:rvfi_o[404]
p:rvfi_o[405]
p:rvfi_o[406]
p:rvfi_o[407]
p:rvfi_o[408]
p:rvfi_o[409]
p:rvfi_o[410]
p:rvfi_o[411]
p:rvfi_o[412]
p:rvfi_o[413]
p:rvfi_o[414]
p:rvfi_o[415]
p:rvfi_o[416]
p:rvfi_o[417]
p:rvfi_o[418]
p:rvfi_o[419]
p:rvfi_o[420]
p:rvfi_o[421]
p:rvfi_o[422]
p:rvfi_o[423]
p:rvfi_o[424]
p:rvfi_o[425]
p:rvfi_o[426]
p:rvfi_o[427]
p:rvfi_o[428]
p:rvfi_o[429]
p:rvfi_o[430]
p:rvfi_o[431]
p:rvfi_o[432]
p:rvfi_o[433]
p:rvfi_o[434]
p:rvfi_o[435]
p:rvfi_o[436]
p:rvfi_o[437]
p:rvfi_o[438]
p:rvfi_o[439]
p:rvfi_o[440]
p:rvfi_o[441]
p:rvfi_o[442]
p:rvfi_o[443]
p:rvfi_o[444]
p:rvfi_o[445]
p:rvfi_o[446]
p:rvfi_o[447]
p:rvfi_o[448]
p:time_irq_i


Inapplicable constraints
************************

(none)


Applicable constraints with issues
**********************************

(none)


Constraints with matching wildcard expressions
**********************************************

(none)


Library Report
**************


# End of Constraint Checker Report
