Archive member included to satisfy reference by file (symbol)

c:\lscc\propel\2024.1\sdk\riscv-none-embed-gcc\bin\../riscv-none-embed/picolibc/riscv-none-embed/lib/rv32imac/ilp32\libc.a(libc_tinystdio_printf.c.o)
                              ./src/bsp/driver/riscv_rtos/exception.o (printf)
c:\lscc\propel\2024.1\sdk\riscv-none-embed-gcc\bin\../riscv-none-embed/picolibc/riscv-none-embed/lib/rv32imac/ilp32\libc.a(libc_tinystdio_puts.c.o)
                              ./src/bsp/driver/qspi_flash_controller/qspi_flash_cntl.o (puts)
c:\lscc\propel\2024.1\sdk\riscv-none-embed-gcc\bin\../riscv-none-embed/picolibc/riscv-none-embed/lib/rv32imac/ilp32\libc.a(libc_tinystdio_vfiprintf.c.o)
                              (__i_vfprintf)
c:\lscc\propel\2024.1\sdk\riscv-none-embed-gcc\bin\../riscv-none-embed/picolibc/riscv-none-embed/lib/rv32imac/ilp32\libc.a(libc_tinystdio_vfiscanf.c.o)
                              (__i_vfscanf)
c:\lscc\propel\2024.1\sdk\riscv-none-embed-gcc\bin\../riscv-none-embed/picolibc/riscv-none-embed/lib/rv32imac/ilp32\libc.a(libc_tinystdio_vprintf.c.o)
                              ./src/bsp/driver/riscv_rtos/debug.o (vprintf)
c:\lscc\propel\2024.1\sdk\riscv-none-embed-gcc\bin\../riscv-none-embed/picolibc/riscv-none-embed/lib/rv32imac/ilp32\libc.a(memset.S.o)
                              c:\lscc\propel\2024.1\sdk\riscv-none-embed-gcc\bin\../riscv-none-embed/picolibc/riscv-none-embed/lib/rv32imac/ilp32\libc.a(libc_tinystdio_vfiscanf.c.o) (memset)
c:\lscc\propel\2024.1\sdk\riscv-none-embed-gcc\bin\../riscv-none-embed/picolibc/riscv-none-embed/lib/rv32imac/ilp32\libc.a(libc_string_strchr.c.o)
                              c:\lscc\propel\2024.1\sdk\riscv-none-embed-gcc\bin\../riscv-none-embed/picolibc/riscv-none-embed/lib/rv32imac/ilp32\libc.a(libc_tinystdio_vfiscanf.c.o) (strchr)
c:\lscc\propel\2024.1\sdk\riscv-none-embed-gcc\bin\../riscv-none-embed/picolibc/riscv-none-embed/lib/rv32imac/ilp32\libc.a(libc_string_strnlen.c.o)
                              c:\lscc\propel\2024.1\sdk\riscv-none-embed-gcc\bin\../riscv-none-embed/picolibc/riscv-none-embed/lib/rv32imac/ilp32\libc.a(libc_tinystdio_vfiprintf.c.o) (strnlen)
c:\lscc\propel\2024.1\sdk\riscv-none-embed-gcc\bin\../riscv-none-embed/picolibc/riscv-none-embed/lib/rv32imac/ilp32\libc.a(libc_tinystdio_fgetc.c.o)
                              c:\lscc\propel\2024.1\sdk\riscv-none-embed-gcc\bin\../riscv-none-embed/picolibc/riscv-none-embed/lib/rv32imac/ilp32\libc.a(libc_tinystdio_vfiscanf.c.o) (fgetc)
c:\lscc\propel\2024.1\sdk\riscv-none-embed-gcc\bin\../riscv-none-embed/picolibc/riscv-none-embed/lib/rv32imac/ilp32\libc.a(libc_tinystdio_fputc.c.o)
                              c:\lscc\propel\2024.1\sdk\riscv-none-embed-gcc\bin\../riscv-none-embed/picolibc/riscv-none-embed/lib/rv32imac/ilp32\libc.a(libc_tinystdio_vfiprintf.c.o) (fputc)
c:\lscc\propel\2024.1\sdk\riscv-none-embed-gcc\bin\../riscv-none-embed/picolibc/riscv-none-embed/lib/rv32imac/ilp32\libc.a(libc_tinystdio_ungetc.c.o)
                              c:\lscc\propel\2024.1\sdk\riscv-none-embed-gcc\bin\../riscv-none-embed/picolibc/riscv-none-embed/lib/rv32imac/ilp32\libc.a(libc_tinystdio_vfiscanf.c.o) (ungetc)
c:/lscc/propel/2024.1/sdk/riscv-none-embed-gcc/bin/../lib/gcc/riscv-none-embed/10.2.0/rv32imac/ilp32\libgcc.a(save-restore.o)
                              c:\lscc\propel\2024.1\sdk\riscv-none-embed-gcc\bin\../riscv-none-embed/picolibc/riscv-none-embed/lib/rv32imac/ilp32\libc.a(libc_tinystdio_vfiprintf.c.o) (__riscv_save_12)

Discarded input sections

 .group         0x0000000000000000        0xc ./src/bsp/driver/uart/uart.o
 .group         0x0000000000000000        0xc ./src/bsp/driver/uart/uart.o
 .group         0x0000000000000000        0xc ./src/bsp/driver/uart/uart.o
 .group         0x0000000000000000        0xc ./src/bsp/driver/uart/uart.o
 .group         0x0000000000000000        0xc ./src/bsp/driver/uart/uart.o
 .group         0x0000000000000000        0xc ./src/bsp/driver/uart/uart.o
 .group         0x0000000000000000        0xc ./src/bsp/driver/uart/uart.o
 .group         0x0000000000000000        0xc ./src/bsp/driver/uart/uart.o
 .group         0x0000000000000000        0xc ./src/bsp/driver/uart/uart.o
 .group         0x0000000000000000        0xc ./src/bsp/driver/uart/uart.o
 .group         0x0000000000000000        0xc ./src/bsp/driver/uart/uart.o
 .group         0x0000000000000000        0xc ./src/bsp/driver/uart/uart.o
 .group         0x0000000000000000        0xc ./src/bsp/driver/uart/uart.o
 .group         0x0000000000000000        0xc ./src/bsp/driver/uart/uart.o
 .group         0x0000000000000000        0xc ./src/bsp/driver/uart/uart.o
 .group         0x0000000000000000        0xc ./src/bsp/driver/uart/uart.o
 .group         0x0000000000000000        0xc ./src/bsp/driver/uart/uart.o
 .group         0x0000000000000000        0xc ./src/bsp/driver/uart/uart.o
 .group         0x0000000000000000        0xc ./src/bsp/driver/uart/uart.o
[...]
Memory Configuration

Name             Origin             Length             Attributes
sysmem0_inst     0x0000000000000000 0x0000000000020000 xrw
*default*        0x0000000000000000 0xffffffffffffffff

Linker script and memory map

                0x0000000000001114                vfprintf = __i_vfprintf
                0x0000000000000000                vfscanf = __i_vfscanf
LOAD ./src/bsp/driver/uart/uart.o
LOAD ./src/bsp/driver/tse_mac/ethernet.o
LOAD ./src/bsp/driver/sgdma/sgdma.o
LOAD ./src/bsp/driver/riscv_rtos/cache.o
LOAD ./src/bsp/driver/riscv_rtos/clint.o
LOAD ./src/bsp/driver/riscv_rtos/debug.o
LOAD ./src/bsp/driver/riscv_rtos/entry.o
LOAD ./src/bsp/driver/riscv_rtos/exception.o
LOAD ./src/bsp/driver/riscv_rtos/exit.o
LOAD ./src/bsp/driver/riscv_rtos/interrupt.o
LOAD ./src/bsp/driver/riscv_rtos/iob.o
LOAD ./src/bsp/driver/riscv_rtos/led.o
LOAD ./src/bsp/driver/riscv_rtos/local_uart.o
LOAD ./src/bsp/driver/riscv_rtos/plic.o
LOAD ./src/bsp/driver/riscv_rtos/pmp.o
LOAD ./src/bsp/driver/riscv_rtos/reg_access.o
LOAD ./src/bsp/driver/riscv_rtos/start.o
LOAD ./src/bsp/driver/riscv_rtos/trap.o
LOAD ./src/bsp/driver/riscv_rtos/util.o
LOAD ./src/bsp/driver/riscv_rtos/watchdog_timer.o
LOAD ./src/bsp/driver/qspi_flash_controller/qspi_flash_cntl.o
LOAD ./src/bsp/driver/mc_avant/ddr_mc_avant.o
LOAD ./src/bsp/driver/gpio/gpio.o
LOAD ./src/crc16.o
LOAD ./src/main.o
LOAD ./src/utils.o
LOAD c:/lscc/propel/2024.1/sdk/riscv-none-embed-gcc/bin/../lib/gcc/riscv-none-embed/10.2.0/rv32imac/ilp32\libgcc.a
START GROUP
LOAD c:/lscc/propel/2024.1/sdk/riscv-none-embed-gcc/bin/../lib/gcc/riscv-none-embed/10.2.0/rv32imac/ilp32\libgcc.a
LOAD c:\lscc\propel\2024.1\sdk\riscv-none-embed-gcc\bin\../riscv-none-embed/picolibc/riscv-none-embed/lib/rv32imac/ilp32\libc.a
END GROUP
LOAD c:/lscc/propel/2024.1/sdk/riscv-none-embed-gcc/bin/../lib/gcc/riscv-none-embed/10.2.0/rv32imac/ilp32\libgcc.a
                0x0000000000000000                _HEAP_SIZE = DEFINED (_HEAP_SIZE)?_HEAP_SIZE:0x0
                0x0000000000000a00                _STACK_SIZE = DEFINED (_STACK_SIZE)?_STACK_SIZE:0xa00

.text           0x0000000000000000     0x1644
                0x0000000000000000                _ftext = .
                [!provide]                        PROVIDE (_sprof = .)
 *(SORT_BY_NAME(.crt*))
 .crt0          0x0000000000000000       0xc4 ./src/bsp/driver/riscv_rtos/start.o
                0x0000000000000000                _start
 *(.text .text.* .gnu.linkonce.t.*)
 .text.uart_init
                0x00000000000000c4       0x8a ./src/bsp/driver/uart/uart.o
                0x00000000000000c4                uart_init
 .text.uart_putc
                0x000000000000014e       0x62 ./src/bsp/driver/uart/uart.o
                0x000000000000014e                uart_putc
 .text.iob_init
                0x00000000000001b0       0x38 ./src/bsp/driver/riscv_rtos/iob.o
                0x00000000000001b0                iob_init
 .text.iob_putc
                0x00000000000001e8       0x3c ./src/bsp/driver/riscv_rtos/iob.o
 .text.iob_getc
                0x0000000000000224       0x30 ./src/bsp/driver/riscv_rtos/iob.o
 .text.iob_flush
                0x0000000000000254       0x30 ./src/bsp/driver/riscv_rtos/iob.o
 .text.reg_32b_write
                0x0000000000000284       0x2a ./src/bsp/driver/riscv_rtos/reg_access.o
                0x0000000000000284                reg_32b_write
 .text.reg_32b_read
                0x00000000000002ae       0x2c ./src/bsp/driver/riscv_rtos/reg_access.o
                0x00000000000002ae                reg_32b_read
 .text.reg_32b_modify
                0x00000000000002da       0x46 ./src/bsp/driver/riscv_rtos/reg_access.o
                0x00000000000002da                reg_32b_modify
 .text.reg_16b_write
                0x0000000000000320       0x2e ./src/bsp/driver/riscv_rtos/reg_access.o
                0x0000000000000320                reg_16b_write
 .text.reg_16b_read
                0x000000000000034e       0x36 ./src/bsp/driver/riscv_rtos/reg_access.o
                0x000000000000034e                reg_16b_read
 .text.qspi_flash_cntl_init
                0x0000000000000384       0x50 ./src/bsp/driver/qspi_flash_controller/qspi_flash_cntl.o
                0x0000000000000384                qspi_flash_cntl_init
 .text.qspi_trans_start
                0x00000000000003d4       0x38 ./src/bsp/driver/qspi_flash_controller/qspi_flash_cntl.o
                0x00000000000003d4                qspi_trans_start
 .text.qspi_flash_cntl_write
                0x000000000000040c       0x4c ./src/bsp/driver/qspi_flash_controller/qspi_flash_cntl.o
                0x000000000000040c                qspi_flash_cntl_write
 .text.convert_endian
                0x0000000000000458       0x44 ./src/bsp/driver/qspi_flash_controller/qspi_flash_cntl.o
                0x0000000000000458                convert_endian
 .text.qspi_flash_cntl_read_fifo_dis
                0x000000000000049c      0x1f2 ./src/bsp/driver/qspi_flash_controller/qspi_flash_cntl.o
                0x000000000000049c                qspi_flash_cntl_read_fifo_dis
 .text.qspi_flash_cntl_set_pkt_hdr
                0x000000000000068e       0x52 ./src/bsp/driver/qspi_flash_controller/qspi_flash_cntl.o
                0x000000000000068e                qspi_flash_cntl_set_pkt_hdr
 .text.reset_quad_mode
                0x00000000000006e0       0x5a ./src/bsp/driver/qspi_flash_controller/qspi_flash_cntl.o
                0x00000000000006e0                reset_quad_mode
 .text.lpddr4_write32
                0x000000000000073a       0x38 ./src/bsp/driver/mc_avant/ddr_mc_avant.o
                0x000000000000073a                lpddr4_write32
 .text.lpddr4_read32
                0x0000000000000772       0x2a ./src/bsp/driver/mc_avant/ddr_mc_avant.o
                0x0000000000000772                lpddr4_read32
 .text.lpddr4_init
                0x000000000000079c      0x1c8 ./src/bsp/driver/mc_avant/ddr_mc_avant.o
                0x000000000000079c                lpddr4_init
 .text.gpio_init
                0x0000000000000964       0xd0 ./src/bsp/driver/gpio/gpio.o
                0x0000000000000964                gpio_init
 .text.crc16_ccitt
                0x0000000000000a34      0x16a ./src/crc16.o
                0x0000000000000a34                crc16_ccitt
 .text.lscc_uart_putc
                0x0000000000000b9e       0x2e ./src/main.o
 .text.lscc_uart_getc
                0x0000000000000bcc       0x14 ./src/main.o
 .text.lscc_uart_flush
                0x0000000000000be0       0x14 ./src/main.o
 .text.bsp_init
                0x0000000000000bf4       0x68 ./src/main.o
 .text.LPDDR_init
                0x0000000000000c5c       0x1e ./src/main.o
                0x0000000000000c5c                LPDDR_init
 .text.qspi_init
                0x0000000000000c7a       0xce ./src/main.o
                0x0000000000000c7a                qspi_init
 .text.mdio_phy_init
                0x0000000000000d48      0x1dc ./src/main.o
                0x0000000000000d48                mdio_phy_init
 .text.main     0x0000000000000f24      0x150 ./src/main.o
                0x0000000000000f24                main
 .text.printf   0x0000000000001074       0x26 c:\lscc\propel\2024.1\sdk\riscv-none-embed-gcc\bin\../riscv-none-embed/picolibc/riscv-none-embed/lib/rv32imac/ilp32\libc.a(libc_tinystdio_printf.c.o)
                0x0000000000001074                printf
 .text.puts     0x000000000000109a       0x3c c:\lscc\propel\2024.1\sdk\riscv-none-embed-gcc\bin\../riscv-none-embed/picolibc/riscv-none-embed/lib/rv32imac/ilp32\libc.a(libc_tinystdio_puts.c.o)
                0x000000000000109a                puts
 .text.__ultoa_invert
                0x00000000000010d6       0x3e c:\lscc\propel\2024.1\sdk\riscv-none-embed-gcc\bin\../riscv-none-embed/picolibc/riscv-none-embed/lib/rv32imac/ilp32\libc.a(libc_tinystdio_vfiprintf.c.o)
 .text.vfprintf
                0x0000000000001114      0x498 c:\lscc\propel\2024.1\sdk\riscv-none-embed-gcc\bin\../riscv-none-embed/picolibc/riscv-none-embed/lib/rv32imac/ilp32\libc.a(libc_tinystdio_vfiprintf.c.o)
                0x0000000000001114                __i_vfprintf
 .text.strnlen  0x00000000000015ac       0x18 c:\lscc\propel\2024.1\sdk\riscv-none-embed-gcc\bin\../riscv-none-embed/picolibc/riscv-none-embed/lib/rv32imac/ilp32\libc.a(libc_string_strnlen.c.o)
                0x00000000000015ac                strnlen
 .text.fputc    0x00000000000015c4       0x20 c:\lscc\propel\2024.1\sdk\riscv-none-embed-gcc\bin\../riscv-none-embed/picolibc/riscv-none-embed/lib/rv32imac/ilp32\libc.a(libc_tinystdio_fputc.c.o)
                0x00000000000015c4                fputc
                0x00000000000015c4                putc
 .text          0x00000000000015e4       0x60 c:/lscc/propel/2024.1/sdk/riscv-none-embed-gcc/bin/../lib/gcc/riscv-none-embed/10.2.0/rv32imac/ilp32\libgcc.a(save-restore.o)
                0x00000000000015e4                __riscv_save_12
                0x00000000000015ec                __riscv_save_9
                0x00000000000015ec                __riscv_save_11
                0x00000000000015ec                __riscv_save_10
                0x00000000000015ec                __riscv_save_8
                0x00000000000015fa                __riscv_save_4
                0x00000000000015fa                __riscv_save_6
                0x00000000000015fa                __riscv_save_5
                0x00000000000015fa                __riscv_save_7
                0x0000000000001614                __riscv_save_3
                0x0000000000001614                __riscv_save_2
                0x0000000000001614                __riscv_save_1
                0x0000000000001614                __riscv_save_0
                0x0000000000001620                __riscv_restore_12
                0x0000000000001624                __riscv_restore_11
                0x0000000000001624                __riscv_restore_9
                0x0000000000001624                __riscv_restore_10
                0x0000000000001624                __riscv_restore_8
                0x000000000000162e                __riscv_restore_5
                0x000000000000162e                __riscv_restore_7
                0x000000000000162e                __riscv_restore_6
                0x000000000000162e                __riscv_restore_4
                0x0000000000001638                __riscv_restore_3
                0x0000000000001638                __riscv_restore_0
                0x0000000000001638                __riscv_restore_2
                0x0000000000001638                __riscv_restore_1
 *(.init)
 *(.fini)
                0x0000000000001644                . = ALIGN (0x4)
                0x0000000000001644                _etext = .

.gprof          0x0000000000001644        0x0
                [!provide]                        PROVIDE (_s_part_prof = .)
 *(.gprof)
                0x0000000000001644                . = ALIGN (0x4)
                [!provide]                        PROVIDE (_eprof = .)

.ctors          0x0000000000001644        0x0
                0x0000000000001644                _ctors_start = .
 *(.init_array*)
 *(SORT_BY_NAME(.ctors.*))
 *(.ctors)
                0x0000000000001644                . = ALIGN (0x4)
                0x0000000000001644                _ctors_end = .

.dtors          0x0000000000001644        0x0
                0x0000000000001644                _dtors_start = .
 *(SORT_BY_NAME(.dtors.*))
 *(.dtors)
                0x0000000000001644                . = ALIGN (0x4)

.rodata         0x0000000000001644      0x648
 *(.rdata)
 *(.rodata .rodata.*)
 .rodata.__iob  0x0000000000001644        0xc ./src/bsp/driver/riscv_rtos/iob.o
                0x0000000000001644                __iob
 .rodata        0x0000000000001650       0x48 ./src/bsp/driver/qspi_flash_controller/qspi_flash_cntl.o
 .rodata        0x0000000000001698       0xff ./src/bsp/driver/mc_avant/ddr_mc_avant.o
 *fill*         0x0000000000001797        0x1 
 .rodata.crc16tab
                0x0000000000001798      0x200 ./src/crc16.o
 .rodata        0x0000000000001998      0x2e3 ./src/main.o
 *fill*         0x0000000000001c7b        0x1 
 .rodata.str1.4
                0x0000000000001c7c       0x10 c:\lscc\propel\2024.1\sdk\riscv-none-embed-gcc\bin\../riscv-none-embed/picolibc/riscv-none-embed/lib/rv32imac/ilp32\libc.a(libc_tinystdio_vfiprintf.c.o)
 *(.gnu.linkonce.r.*)
                0x0000000000001c8c                . = ALIGN (0x4)

.rela.dyn       0x0000000000001c8c        0x0
 .rela.text.printf
                0x0000000000001c8c        0x0 ./src/bsp/driver/uart/uart.o
 .rela.text.puts
                0x0000000000001c8c        0x0 ./src/bsp/driver/uart/uart.o

.data           0x0000000000001c8c       0x14
 *(.data .data.*)
 .data.__stdio  0x0000000000001c8c       0x14 ./src/bsp/driver/riscv_rtos/iob.o
 *(.gnu.linkonce.d.*)
                0x0000000000001ca0                . = ALIGN (0x4)
                [!provide]                        PROVIDE (__global_pointer$ = (. + 0x800))
 *(.sdata .sdata.*)
 *(.gnu.linkonce.s.*)
 *(.srodata.cst16)
 *(.srodata.cst8)
 *(.srodata.cst4)
 *(.srodata.cst2)
 *(.srodata .srodata.*)
                0x0000000000001ca0                . = ALIGN (0x4)

.bss            0x0000000000001ca0      0x108
                0x0000000000001ca0                _bss_start = .
 *(.sbss*)
 .sbss.s_putc_func
                0x0000000000001ca0        0x4 ./src/bsp/driver/riscv_rtos/iob.o
 .sbss.s_getc_func
                0x0000000000001ca4        0x4 ./src/bsp/driver/riscv_rtos/iob.o
 .sbss.s_flush_func
                0x0000000000001ca8        0x4 ./src/bsp/driver/riscv_rtos/iob.o
 .sbss.flash_cntl
                0x0000000000001cac        0x4 ./src/bsp/driver/qspi_flash_controller/qspi_flash_cntl.o
 .sbss.lpddr4_inst
                0x0000000000001cb0        0x4 ./src/bsp/driver/mc_avant/ddr_mc_avant.o
 .sbss.lpddr4_instance
                0x0000000000001cb4        0x4 ./src/main.o
                0x0000000000001cb4                lpddr4_instance
 *(.gnu.linkonce.sb.*)
 *(.bss .bss.*)
 .bss.qspi_core
                0x0000000000001cb8       0x10 ./src/main.o
 .bss.uart_core_uart
                0x0000000000001cc8       0x58 ./src/main.o
                0x0000000000001cc8                uart_core_uart
 .bss.gpio_inst
                0x0000000000001d20       0x88 ./src/main.o
                0x0000000000001d20                gpio_inst
 *(.gnu.linkonce.b.*)
 *(COMMON)
                0x0000000000001da8                . = ALIGN (0x4)
                0x0000000000001da8                _bss_end = .

.heap           0x0000000000001da8        0x0
                [!provide]                        PROVIDE (_heap_start = .)
                [!provide]                        PROVIDE (__heap_start = .)
                0x0000000000001da8                . = (. + _HEAP_SIZE)
                0x0000000000001da8                . = ALIGN (0x8)
                [!provide]                        PROVIDE (_heap_end = .)
                [!provide]                        PROVIDE (__heap_end = .)

.stack          0x0000000000001db0      0xa00
                [!provide]                        PROVIDE (_stack_end = .)
                0x00000000000027b0                . = (. + _STACK_SIZE)
 *fill*         0x0000000000001db0      0xa00 
                0x00000000000027b0                . = ALIGN (0x10)
                0x00000000000027b0                PROVIDE (_stack_start = .)
                [!provide]                        PROVIDE (_end = .)
                [!provide]                        PROVIDE (end = .)
OUTPUT(c_golden_bootloader_avant.elf elf32-littleriscv)

.debug_info     0x0000000000000000     0x2961
 .debug_info    0x0000000000000000      0x4c1 ./src/bsp/driver/uart/uart.o
 .debug_info    0x00000000000004c1      0x30d ./src/bsp/driver/riscv_rtos/iob.o
 .debug_info    0x00000000000007ce      0x32d ./src/bsp/driver/riscv_rtos/reg_access.o
 .debug_info    0x0000000000000afb      0xaec ./src/bsp/driver/qspi_flash_controller/qspi_flash_cntl.o
 .debug_info    0x00000000000015e7      0x69c ./src/bsp/driver/mc_avant/ddr_mc_avant.o
 .debug_info    0x0000000000001c83      0x266 ./src/bsp/driver/gpio/gpio.o
 .debug_info    0x0000000000001ee9       0xd8 ./src/crc16.o
 .debug_info    0x0000000000001fc1      0x9a0 ./src/main.o

.debug_abbrev   0x0000000000000000      0xc76
 .debug_abbrev  0x0000000000000000      0x147 ./src/bsp/driver/uart/uart.o
 .debug_abbrev  0x0000000000000147      0x14f ./src/bsp/driver/riscv_rtos/iob.o
 .debug_abbrev  0x0000000000000296       0xa8 ./src/bsp/driver/riscv_rtos/reg_access.o
 .debug_abbrev  0x000000000000033e      0x2d3 ./src/bsp/driver/qspi_flash_controller/qspi_flash_cntl.o
 .debug_abbrev  0x0000000000000611      0x1be ./src/bsp/driver/mc_avant/ddr_mc_avant.o
 .debug_abbrev  0x00000000000007cf      0x10b ./src/bsp/driver/gpio/gpio.o
 .debug_abbrev  0x00000000000008da       0xb6 ./src/crc16.o
 .debug_abbrev  0x0000000000000990      0x2e6 ./src/main.o

.debug_aranges  0x0000000000000000      0x2a0
 .debug_aranges
                0x0000000000000000       0x40 ./src/bsp/driver/uart/uart.o
 .debug_aranges
                0x0000000000000040       0x38 ./src/bsp/driver/riscv_rtos/iob.o
 .debug_aranges
                0x0000000000000078       0x58 ./src/bsp/driver/riscv_rtos/reg_access.o
 .debug_aranges
                0x00000000000000d0       0x90 ./src/bsp/driver/qspi_flash_controller/qspi_flash_cntl.o
 .debug_aranges
                0x0000000000000160       0x78 ./src/bsp/driver/mc_avant/ddr_mc_avant.o
 .debug_aranges
                0x00000000000001d8       0x38 ./src/bsp/driver/gpio/gpio.o
 .debug_aranges
                0x0000000000000210       0x20 ./src/crc16.o
 .debug_aranges
                0x0000000000000230       0x70 ./src/main.o

.debug_ranges   0x0000000000000000      0x220
 .debug_ranges  0x0000000000000000       0x30 ./src/bsp/driver/uart/uart.o
 .debug_ranges  0x0000000000000030       0x28 ./src/bsp/driver/riscv_rtos/iob.o
 .debug_ranges  0x0000000000000058       0x48 ./src/bsp/driver/riscv_rtos/reg_access.o
 .debug_ranges  0x00000000000000a0       0x80 ./src/bsp/driver/qspi_flash_controller/qspi_flash_cntl.o
 .debug_ranges  0x0000000000000120       0x68 ./src/bsp/driver/mc_avant/ddr_mc_avant.o
 .debug_ranges  0x0000000000000188       0x28 ./src/bsp/driver/gpio/gpio.o
 .debug_ranges  0x00000000000001b0       0x10 ./src/crc16.o
 .debug_ranges  0x00000000000001c0       0x60 ./src/main.o

.debug_macro    0x0000000000000000     0x4134
 .debug_macro   0x0000000000000000      0x1e3 ./src/bsp/driver/uart/uart.o
 .debug_macro   0x00000000000001e3      0x78a ./src/bsp/driver/uart/uart.o
 .debug_macro   0x000000000000096d      0x4c5 ./src/bsp/driver/uart/uart.o
 .debug_macro   0x0000000000000e32       0x8e ./src/bsp/driver/uart/uart.o
 .debug_macro   0x0000000000000ec0       0x51 ./src/bsp/driver/uart/uart.o
 .debug_macro   0x0000000000000f11      0x103 ./src/bsp/driver/uart/uart.o
 .debug_macro   0x0000000000001014       0x6a ./src/bsp/driver/uart/uart.o
 .debug_macro   0x000000000000107e      0x1df ./src/bsp/driver/uart/uart.o
 .debug_macro   0x000000000000125d       0x22 ./src/bsp/driver/uart/uart.o
 .debug_macro   0x000000000000127f       0x52 ./src/bsp/driver/uart/uart.o
 .debug_macro   0x00000000000012d1       0x10 ./src/bsp/driver/uart/uart.o
 .debug_macro   0x00000000000012e1       0x35 ./src/bsp/driver/uart/uart.o
 .debug_macro   0x0000000000001316      0x201 ./src/bsp/driver/uart/uart.o
 .debug_macro   0x0000000000001517       0x3b ./src/bsp/driver/uart/uart.o
 .debug_macro   0x0000000000001552       0x34 ./src/bsp/driver/uart/uart.o
 .debug_macro   0x0000000000001586       0x82 ./src/bsp/driver/uart/uart.o
 .debug_macro   0x0000000000001608      0x4cc ./src/bsp/driver/uart/uart.o
 .debug_macro   0x0000000000001ad4       0x58 ./src/bsp/driver/uart/uart.o
 .debug_macro   0x0000000000001b2c       0x16 ./src/bsp/driver/uart/uart.o
 .debug_macro   0x0000000000001b42       0x97 ./src/bsp/driver/uart/uart.o
 .debug_macro   0x0000000000001bd9       0x35 ./src/bsp/driver/uart/uart.o
 .debug_macro   0x0000000000001c0e       0x10 ./src/bsp/driver/uart/uart.o
 .debug_macro   0x0000000000001c1e       0x20 ./src/bsp/driver/uart/uart.o
 .debug_macro   0x0000000000001c3e       0xf9 ./src/bsp/driver/uart/uart.o
 .debug_macro   0x0000000000001d37       0x16 ./src/bsp/driver/uart/uart.o
 .debug_macro   0x0000000000001d4d      0x159 ./src/bsp/driver/uart/uart.o
 .debug_macro   0x0000000000001ea6       0x4c ./src/bsp/driver/uart/uart.o
 .debug_macro   0x0000000000001ef2       0x28 ./src/bsp/driver/uart/uart.o
 .debug_macro   0x0000000000001f1a       0x7c ./src/bsp/driver/uart/uart.o
 .debug_macro   0x0000000000001f96       0x8d ./src/bsp/driver/uart/uart.o
 .debug_macro   0x0000000000002023       0x55 ./src/bsp/driver/uart/uart.o
 .debug_macro   0x0000000000002078       0x40 ./src/bsp/driver/uart/uart.o
 .debug_macro   0x00000000000020b8      0x358 ./src/bsp/driver/uart/uart.o
 .debug_macro   0x0000000000002410       0x16 ./src/bsp/driver/uart/uart.o
 .debug_macro   0x0000000000002426      0x122 ./src/bsp/driver/riscv_rtos/iob.o
 .debug_macro   0x0000000000002548       0x63 ./src/bsp/driver/riscv_rtos/reg_access.o
 .debug_macro   0x00000000000025ab       0x1a ./src/bsp/driver/qspi_flash_controller/qspi_flash_cntl.o
 .debug_macro   0x00000000000025c5      0x2c3 ./src/bsp/driver/qspi_flash_controller/qspi_flash_cntl.o
 .debug_macro   0x0000000000002888      0x155 ./src/bsp/driver/mc_avant/ddr_mc_avant.o
 .debug_macro   0x00000000000029dd       0xb8 ./src/bsp/driver/mc_avant/ddr_mc_avant.o
 .debug_macro   0x0000000000002a95       0x10 ./src/bsp/driver/mc_avant/ddr_mc_avant.o
 .debug_macro   0x0000000000002aa5       0x84 ./src/bsp/driver/gpio/gpio.o
 .debug_macro   0x0000000000002b29       0x10 ./src/bsp/driver/gpio/gpio.o
 .debug_macro   0x0000000000002b39       0x46 ./src/bsp/driver/gpio/gpio.o
 .debug_macro   0x0000000000002b7f       0x1b ./src/crc16.o
 .debug_macro   0x0000000000002b9a      0x384 ./src/main.o
 .debug_macro   0x0000000000002f1e       0x1c ./src/main.o
 .debug_macro   0x0000000000002f3a     0x1174 ./src/main.o
 .debug_macro   0x00000000000040ae       0x2e ./src/main.o
 .debug_macro   0x00000000000040dc       0x58 ./src/main.o

.debug_line     0x0000000000000000     0x36f1
 .debug_line    0x0000000000000000      0x7df ./src/bsp/driver/uart/uart.o
 .debug_line    0x00000000000007df      0x3ef ./src/bsp/driver/riscv_rtos/iob.o
 .debug_line    0x0000000000000bce      0x3d0 ./src/bsp/driver/riscv_rtos/reg_access.o
 .debug_line    0x0000000000000f9e      0xbdc ./src/bsp/driver/qspi_flash_controller/qspi_flash_cntl.o
 .debug_line    0x0000000000001b7a      0x828 ./src/bsp/driver/mc_avant/ddr_mc_avant.o
 .debug_line    0x00000000000023a2      0x475 ./src/bsp/driver/gpio/gpio.o
 .debug_line    0x0000000000002817      0x1ed ./src/crc16.o
 .debug_line    0x0000000000002a04      0xced ./src/main.o

.debug_str      0x0000000000000000    0x118b2
 .debug_str     0x0000000000000000     0x8faf ./src/bsp/driver/uart/uart.o
                                       0x93ba (size before relaxing)
 .debug_str     0x0000000000008faf       0xe3 ./src/bsp/driver/riscv_rtos/iob.o
                                       0x81e7 (size before relaxing)
 .debug_str     0x0000000000009092       0xd3 ./src/bsp/driver/riscv_rtos/reg_access.o
                                       0x48cc (size before relaxing)
 .debug_str     0x0000000000009165     0x17ee ./src/bsp/driver/qspi_flash_controller/qspi_flash_cntl.o
                                       0x3f7e (size before relaxing)
 .debug_str     0x000000000000a953      0x64c ./src/bsp/driver/mc_avant/ddr_mc_avant.o
                                       0x8764 (size before relaxing)
 .debug_str     0x000000000000af9f      0x207 ./src/bsp/driver/gpio/gpio.o
                                       0x4d1f (size before relaxing)
 .debug_str     0x000000000000b1a6       0x37 ./src/crc16.o
                                       0x277e (size before relaxing)
 .debug_str     0x000000000000b1dd     0x66d5 ./src/main.o
                                      0x10cdd (size before relaxing)

.comment        0x0000000000000000       0x33
 .comment       0x0000000000000000       0x33 ./src/bsp/driver/uart/uart.o
                                         0x34 (size before relaxing)
 .comment       0x0000000000000033       0x34 ./src/bsp/driver/riscv_rtos/iob.o
 .comment       0x0000000000000033       0x34 ./src/bsp/driver/riscv_rtos/reg_access.o
 .comment       0x0000000000000033       0x34 ./src/bsp/driver/qspi_flash_controller/qspi_flash_cntl.o
 .comment       0x0000000000000033       0x34 ./src/bsp/driver/mc_avant/ddr_mc_avant.o
 .comment       0x0000000000000033       0x34 ./src/bsp/driver/gpio/gpio.o
 .comment       0x0000000000000033       0x34 ./src/crc16.o
 .comment       0x0000000000000033       0x34 ./src/main.o
 .comment       0x0000000000000033       0x34 c:\lscc\propel\2024.1\sdk\riscv-none-embed-gcc\bin\../riscv-none-embed/picolibc/riscv-none-embed/lib/rv32imac/ilp32\libc.a(libc_tinystdio_printf.c.o)
 .comment       0x0000000000000033       0x34 c:\lscc\propel\2024.1\sdk\riscv-none-embed-gcc\bin\../riscv-none-embed/picolibc/riscv-none-embed/lib/rv32imac/ilp32\libc.a(libc_tinystdio_puts.c.o)
 .comment       0x0000000000000033       0x34 c:\lscc\propel\2024.1\sdk\riscv-none-embed-gcc\bin\../riscv-none-embed/picolibc/riscv-none-embed/lib/rv32imac/ilp32\libc.a(libc_tinystdio_vfiprintf.c.o)
 .comment       0x0000000000000033       0x34 c:\lscc\propel\2024.1\sdk\riscv-none-embed-gcc\bin\../riscv-none-embed/picolibc/riscv-none-embed/lib/rv32imac/ilp32\libc.a(libc_string_strnlen.c.o)
 .comment       0x0000000000000033       0x34 c:\lscc\propel\2024.1\sdk\riscv-none-embed-gcc\bin\../riscv-none-embed/picolibc/riscv-none-embed/lib/rv32imac/ilp32\libc.a(libc_tinystdio_fputc.c.o)

.debug_frame    0x0000000000000000      0x964
 .debug_frame   0x0000000000000000       0xc4 ./src/bsp/driver/uart/uart.o
 .debug_frame   0x00000000000000c4       0xac ./src/bsp/driver/riscv_rtos/iob.o
 .debug_frame   0x0000000000000170      0x130 ./src/bsp/driver/riscv_rtos/reg_access.o
 .debug_frame   0x00000000000002a0      0x244 ./src/bsp/driver/qspi_flash_controller/qspi_flash_cntl.o
 .debug_frame   0x00000000000004e4      0x1e8 ./src/bsp/driver/mc_avant/ddr_mc_avant.o
 .debug_frame   0x00000000000006cc       0xb0 ./src/bsp/driver/gpio/gpio.o
 .debug_frame   0x000000000000077c       0x34 ./src/crc16.o
 .debug_frame   0x00000000000007b0      0x1b4 ./src/main.o
