
Copyright (C) 1994-2023 Synopsys, Inc.
This Synopsys software and all associated documentation are proprietary to Synopsys, Inc.
and may only be used pursuant to the terms and conditions of a written license agreement
with Synopsys, Inc. All other use, reproduction, modification, or distribution of the
Synopsys software or the associated documentation is strictly prohibited.
Tool: Synplify Pro (R)
Build: V-2023.09LR-1
Install: C:\lscc\radiant\2024.1\synpbase
OS: Windows 10 or later
Hostname: LPGL109105

Implementation : impl_1

# Written on Wed Oct 23 16:12:24 2024

##### DESIGN INFO #######################################################

Top View:                "ariane"
Constraint File(s):      "C:\lscc\radiant\2024.1\scripts\tcl\flow\radiant_synplify_vars.tcl"




##### SUMMARY ############################################################

Found 0 issues in 0 out of 8 constraints


##### DETAILS ############################################################



Clock Relationships
*******************

Starting                                                       Ending                                                         |     rise to rise     |     fall to fall     |     rise to fall     |     fall to rise                     
-----------------------------------------------------------------------------------------------------------------------------------------------------------------------------------------------------------------------------------------
ariane|clk_i                                                   ariane|clk_i                                                   |     5.000            |     No paths         |     No paths         |     No paths                         
ariane|clk_i                                                   load_unit_0_1s_23_layer0|rdata_is_fp_signed_inferred_clock     |     Diff grp         |     No paths         |     No paths         |     No paths                         
load_unit_0_1s_23_layer0|rdata_is_fp_signed_inferred_clock     ariane|clk_i                                                   |     Diff grp         |     No paths         |     No paths         |     No paths                         
=========================================================================================================================================================================================================================================
 Note: 'No paths' indicates there are no paths in the design for that pair of clock edges.
       'Diff grp' indicates that paths exist but the starting clock and ending clock are in different clock groups.


Unconstrained Start/End Points
******************************

p:boot_addr_i[0]
p:boot_addr_i[1]
p:boot_addr_i[2]
p:boot_addr_i[3]
p:boot_addr_i[4]
p:boot_addr_i[5]
p:boot_addr_i[6]
p:boot_addr_i[7]
p:boot_addr_i[8]
p:boot_addr_i[9]
p:boot_addr_i[10]
p:boot_addr_i[11]
p:boot_addr_i[12]
p:boot_addr_i[13]
p:boot_addr_i[14]
p:boot_addr_i[15]
p:boot_addr_i[16]
p:boot_addr_i[17]
p:boot_addr_i[18]
p:boot_addr_i[19]
p:boot_addr_i[20]
p:boot_addr_i[21]
p:boot_addr_i[22]
p:boot_addr_i[23]
p:boot_addr_i[24]
p:boot_addr_i[25]
p:boot_addr_i[26]
p:boot_addr_i[27]
p:boot_addr_i[28]
p:boot_addr_i[29]
p:boot_addr_i[30]
p:boot_addr_i[31]
p:debug_req_i
p:hart_id_i[0]
p:hart_id_i[1]
p:hart_id_i[2]
p:hart_id_i[3]
p:hart_id_i[4]
p:hart_id_i[5]
p:hart_id_i[6]
p:hart_id_i[7]
p:hart_id_i[8]
p:hart_id_i[9]
p:hart_id_i[10]
p:hart_id_i[11]
p:hart_id_i[12]
p:hart_id_i[13]
p:hart_id_i[14]
p:hart_id_i[15]
p:hart_id_i[16]
p:hart_id_i[17]
p:hart_id_i[18]
p:hart_id_i[19]
p:hart_id_i[20]
p:hart_id_i[21]
p:hart_id_i[22]
p:hart_id_i[23]
p:hart_id_i[24]
p:hart_id_i[25]
p:hart_id_i[26]
p:hart_id_i[27]
p:hart_id_i[28]
p:hart_id_i[29]
p:hart_id_i[30]
p:hart_id_i[31]
p:ipi_i
p:irq_i[0]
p:irq_i[1]
p:noc_req_o[0]
p:noc_req_o[1]
p:noc_req_o[2]
p:noc_req_o[3]
p:noc_req_o[4]
p:noc_req_o[5]
p:noc_req_o[6]
p:noc_req_o[7]
p:noc_req_o[8]
p:noc_req_o[9]
p:noc_req_o[10]
p:noc_req_o[11]
p:noc_req_o[12]
p:noc_req_o[13]
p:noc_req_o[14]
p:noc_req_o[15]
p:noc_req_o[16]
p:noc_req_o[17]
p:noc_req_o[18]
p:noc_req_o[19]
p:noc_req_o[20]
p:noc_req_o[21]
p:noc_req_o[22]
p:noc_req_o[23]
p:noc_req_o[24]
p:noc_req_o[25]
p:noc_req_o[26]
p:noc_req_o[27]
p:noc_req_o[28]
p:noc_req_o[29]
p:noc_req_o[30]
p:noc_req_o[31]
p:noc_req_o[32]
p:noc_req_o[33]
p:noc_req_o[34]
p:noc_req_o[35]
p:noc_req_o[36]
p:noc_req_o[37]
p:noc_req_o[38]
p:noc_req_o[39]
p:noc_req_o[40]
p:noc_req_o[41]
p:noc_req_o[42]
p:noc_req_o[43]
p:noc_req_o[44]
p:noc_req_o[45]
p:noc_req_o[46]
p:noc_req_o[47]
p:noc_req_o[48]
p:noc_req_o[49]
p:noc_req_o[50]
p:noc_req_o[51]
p:noc_req_o[52]
p:noc_req_o[53]
p:noc_req_o[54]
p:noc_req_o[55]
p:noc_req_o[56]
p:noc_req_o[57]
p:noc_req_o[58]
p:noc_req_o[59]
p:noc_req_o[60]
p:noc_req_o[61]
p:noc_req_o[62]
p:noc_req_o[63]
p:noc_req_o[64]
p:noc_req_o[65]
p:noc_req_o[66]
p:noc_req_o[67]
p:noc_req_o[68]
p:noc_req_o[69]
p:noc_req_o[70]
p:noc_req_o[71]
p:noc_req_o[72]
p:noc_req_o[73]
p:noc_req_o[74]
p:noc_req_o[75]
p:noc_req_o[76]
p:noc_req_o[77]
p:noc_req_o[78]
p:noc_req_o[79]
p:noc_req_o[80]
p:noc_req_o[81]
p:noc_req_o[82]
p:noc_req_o[83]
p:noc_req_o[84]
p:noc_req_o[85]
p:noc_req_o[86]
p:noc_req_o[87]
p:noc_req_o[88]
p:noc_req_o[89]
p:noc_req_o[90]
p:noc_req_o[91]
p:noc_req_o[92]
p:noc_req_o[93]
p:noc_req_o[94]
p:noc_req_o[95]
p:noc_req_o[96]
p:noc_req_o[97]
p:noc_req_o[98]
p:noc_req_o[99]
p:noc_req_o[100]
p:noc_req_o[101]
p:noc_req_o[102]
p:noc_req_o[103]
p:noc_req_o[104]
p:noc_req_o[105]
p:noc_req_o[106]
p:noc_req_o[107]
p:noc_req_o[108]
p:noc_req_o[109]
p:noc_req_o[110]
p:noc_req_o[111]
p:noc_req_o[112]
p:noc_req_o[113]
p:noc_req_o[114]
p:noc_req_o[115]
p:noc_req_o[116]
p:noc_req_o[117]
p:noc_req_o[118]
p:noc_req_o[119]
p:noc_req_o[120]
p:noc_req_o[121]
p:noc_req_o[122]
p:noc_req_o[123]
p:noc_req_o[124]
p:noc_req_o[125]
p:noc_req_o[126]
p:noc_req_o[127]
p:noc_req_o[128]
p:noc_req_o[129]
p:noc_req_o[130]
p:noc_req_o[131]
p:noc_req_o[132]
p:noc_req_o[133]
p:noc_req_o[134]
p:noc_req_o[135]
p:noc_req_o[136]
p:noc_req_o[137]
p:noc_req_o[138]
p:noc_req_o[139]
p:noc_req_o[140]
p:noc_req_o[141]
p:noc_req_o[142]
p:noc_req_o[143]
p:noc_req_o[144]
p:noc_req_o[145]
p:noc_req_o[146]
p:noc_req_o[147]
p:noc_req_o[148]
p:noc_req_o[149]
p:noc_req_o[150]
p:noc_req_o[151]
p:noc_req_o[152]
p:noc_req_o[153]
p:noc_req_o[154]
p:noc_req_o[155]
p:noc_req_o[156]
p:noc_req_o[157]
p:noc_req_o[158]
p:noc_req_o[159]
p:noc_req_o[160]
p:noc_req_o[161]
p:noc_req_o[162]
p:noc_req_o[163]
p:noc_req_o[164]
p:noc_req_o[165]
p:noc_req_o[166]
p:noc_req_o[167]
p:noc_req_o[168]
p:noc_req_o[169]
p:noc_req_o[170]
p:noc_req_o[171]
p:noc_req_o[172]
p:noc_req_o[173]
p:noc_req_o[174]
p:noc_req_o[175]
p:noc_req_o[176]
p:noc_req_o[177]
p:noc_req_o[178]
p:noc_req_o[179]
p:noc_req_o[180]
p:noc_req_o[181]
p:noc_req_o[182]
p:noc_req_o[183]
p:noc_req_o[184]
p:noc_req_o[185]
p:noc_req_o[186]
p:noc_req_o[187]
p:noc_req_o[188]
p:noc_req_o[189]
p:noc_req_o[190]
p:noc_req_o[191]
p:noc_req_o[192]
p:noc_req_o[193]
p:noc_req_o[194]
p:noc_req_o[195]
p:noc_req_o[196]
p:noc_req_o[197]
p:noc_req_o[198]
p:noc_req_o[199]
p:noc_req_o[200]
p:noc_req_o[201]
p:noc_req_o[202]
p:noc_req_o[203]
p:noc_req_o[204]
p:noc_req_o[205]
p:noc_req_o[206]
p:noc_req_o[207]
p:noc_req_o[208]
p:noc_req_o[209]
p:noc_req_o[210]
p:noc_req_o[211]
p:noc_req_o[212]
p:noc_req_o[213]
p:noc_req_o[214]
p:noc_req_o[215]
p:noc_req_o[216]
p:noc_req_o[217]
p:noc_req_o[218]
p:noc_req_o[219]
p:noc_req_o[220]
p:noc_req_o[221]
p:noc_req_o[222]
p:noc_req_o[223]
p:noc_req_o[224]
p:noc_req_o[225]
p:noc_req_o[226]
p:noc_req_o[227]
p:noc_req_o[228]
p:noc_req_o[229]
p:noc_req_o[230]
p:noc_req_o[231]
p:noc_req_o[232]
p:noc_req_o[233]
p:noc_req_o[234]
p:noc_req_o[235]
p:noc_req_o[236]
p:noc_req_o[237]
p:noc_req_o[238]
p:noc_req_o[239]
p:noc_req_o[240]
p:noc_req_o[241]
p:noc_req_o[242]
p:noc_req_o[243]
p:noc_req_o[244]
p:noc_req_o[245]
p:noc_req_o[246]
p:noc_req_o[247]
p:noc_req_o[248]
p:noc_req_o[249]
p:noc_req_o[250]
p:noc_req_o[251]
p:noc_req_o[252]
p:noc_req_o[253]
p:noc_req_o[254]
p:noc_req_o[255]
p:noc_req_o[256]
p:noc_req_o[257]
p:noc_req_o[258]
p:noc_req_o[259]
p:noc_req_o[260]
p:noc_req_o[261]
p:noc_req_o[262]
p:noc_req_o[263]
p:noc_req_o[264]
p:noc_req_o[265]
p:noc_req_o[266]
p:noc_req_o[267]
p:noc_req_o[268]
p:noc_req_o[269]
p:noc_req_o[270]
p:noc_req_o[271]
p:noc_req_o[272]
p:noc_req_o[273]
p:noc_resp_i[0]
p:noc_resp_i[1]
p:noc_resp_i[2]
p:noc_resp_i[3]
p:noc_resp_i[4]
p:noc_resp_i[5]
p:noc_resp_i[6]
p:noc_resp_i[7]
p:noc_resp_i[8]
p:noc_resp_i[9]
p:noc_resp_i[10]
p:noc_resp_i[11]
p:noc_resp_i[12]
p:noc_resp_i[13]
p:noc_resp_i[14]
p:noc_resp_i[15]
p:noc_resp_i[16]
p:noc_resp_i[17]
p:noc_resp_i[18]
p:noc_resp_i[19]
p:noc_resp_i[20]
p:noc_resp_i[21]
p:noc_resp_i[22]
p:noc_resp_i[23]
p:noc_resp_i[24]
p:noc_resp_i[25]
p:noc_resp_i[26]
p:noc_resp_i[27]
p:noc_resp_i[28]
p:noc_resp_i[29]
p:noc_resp_i[30]
p:noc_resp_i[31]
p:noc_resp_i[32]
p:noc_resp_i[33]
p:noc_resp_i[34]
p:noc_resp_i[35]
p:noc_resp_i[36]
p:noc_resp_i[37]
p:noc_resp_i[38]
p:noc_resp_i[39]
p:noc_resp_i[40]
p:noc_resp_i[41]
p:noc_resp_i[42]
p:noc_resp_i[43]
p:noc_resp_i[44]
p:noc_resp_i[45]
p:noc_resp_i[46]
p:noc_resp_i[47]
p:noc_resp_i[48]
p:noc_resp_i[49]
p:noc_resp_i[50]
p:noc_resp_i[51]
p:noc_resp_i[52]
p:noc_resp_i[53]
p:noc_resp_i[54]
p:noc_resp_i[55]
p:noc_resp_i[56]
p:noc_resp_i[57]
p:noc_resp_i[58]
p:noc_resp_i[59]
p:noc_resp_i[60]
p:noc_resp_i[61]
p:noc_resp_i[62]
p:noc_resp_i[63]
p:noc_resp_i[64]
p:noc_resp_i[65]
p:noc_resp_i[66]
p:noc_resp_i[67]
p:noc_resp_i[68]
p:noc_resp_i[69]
p:noc_resp_i[70]
p:noc_resp_i[71]
p:noc_resp_i[72]
p:noc_resp_i[73]
p:noc_resp_i[74]
p:noc_resp_i[75]
p:noc_resp_i[76]
p:noc_resp_i[77]
p:noc_resp_i[78]
p:noc_resp_i[79]
p:noc_resp_i[80]
p:noc_resp_i[81]
p:noc_resp_i[82]
p:noc_resp_i[83]
p:noc_resp_i[84]
p:noc_resp_i[85]
p:noc_resp_i[86]
p:noc_resp_i[87]
p:noc_resp_i[88]
p:noc_resp_i[89]
p:noc_resp_i[90]
p:noc_resp_i[91]
p:noc_resp_i[92]
p:noc_resp_i[93]
p:noc_resp_i[94]
p:noc_resp_i[95]
p:noc_resp_i[96]
p:noc_resp_i[97]
p:noc_resp_i[98]
p:noc_resp_i[99]
p:noc_resp_i[100]
p:noc_resp_i[101]
p:noc_resp_i[102]
p:noc_resp_i[103]
p:noc_resp_i[104]
p:noc_resp_i[105]
p:noc_resp_i[106]
p:noc_resp_i[107]
p:noc_resp_i[108]
p:noc_resp_i[109]
p:noc_resp_i[110]
p:noc_resp_i[111]
p:noc_resp_i[112]
p:noc_resp_i[113]
p:rst_ni
p:rvfi_o[0]
p:time_irq_i


Inapplicable constraints
************************

(none)


Applicable constraints with issues
**********************************

(none)


Constraints with matching wildcard expressions
**********************************************

(none)


Library Report
**************


# End of Constraint Checker Report
