
Copyright (C) 1994-2023 Synopsys, Inc.
This Synopsys software and all associated documentation are proprietary to Synopsys, Inc.
and may only be used pursuant to the terms and conditions of a written license agreement
with Synopsys, Inc. All other use, reproduction, modification, or distribution of the
Synopsys software or the associated documentation is strictly prohibited.
Tool: Synplify Pro (R)
Build: V-2023.09LR-1
Install: C:\lscc\radiant\2024.1\synpbase
OS: Windows 10 or later
Hostname: LPGL109105

Implementation : impl_1

# Written on Wed Oct 23 16:39:32 2024

##### DESIGN INFO #######################################################

Top View:                "ariane"
Constraint File(s):      "C:\lscc\radiant\2024.1\scripts\tcl\flow\radiant_synplify_vars.tcl"




##### SUMMARY ############################################################

Found 0 issues in 0 out of 8 constraints


##### DETAILS ############################################################



Clock Relationships
*******************

Starting                                                       Ending                                                         |     rise to rise     |     fall to fall     |     rise to fall     |     fall to rise                     
-----------------------------------------------------------------------------------------------------------------------------------------------------------------------------------------------------------------------------------------
ariane|clk_i                                                   ariane|clk_i                                                   |     5.000            |     No paths         |     No paths         |     No paths                         
ariane|clk_i                                                   load_unit_0_1s_23_layer0|rdata_is_fp_signed_inferred_clock     |     Diff grp         |     No paths         |     No paths         |     No paths                         
load_unit_0_1s_23_layer0|rdata_is_fp_signed_inferred_clock     ariane|clk_i                                                   |     Diff grp         |     No paths         |     No paths         |     No paths                         
=========================================================================================================================================================================================================================================
 Note: 'No paths' indicates there are no paths in the design for that pair of clock edges.
       'Diff grp' indicates that paths exist but the starting clock and ending clock are in different clock groups.


Unconstrained Start/End Points
******************************

p:boot_addr_i[0]
p:boot_addr_i[1]
p:boot_addr_i[2]
p:boot_addr_i[3]
p:boot_addr_i[4]
p:boot_addr_i[5]
p:boot_addr_i[6]
p:boot_addr_i[7]
p:boot_addr_i[8]
p:boot_addr_i[9]
p:boot_addr_i[10]
p:boot_addr_i[11]
p:boot_addr_i[12]
p:boot_addr_i[13]
p:boot_addr_i[14]
p:boot_addr_i[15]
p:boot_addr_i[16]
p:boot_addr_i[17]
p:boot_addr_i[18]
p:boot_addr_i[19]
p:boot_addr_i[20]
p:boot_addr_i[21]
p:boot_addr_i[22]
p:boot_addr_i[23]
p:boot_addr_i[24]
p:boot_addr_i[25]
p:boot_addr_i[26]
p:boot_addr_i[27]
p:boot_addr_i[28]
p:boot_addr_i[29]
p:boot_addr_i[30]
p:boot_addr_i[31]
p:debug_req_i
p:hart_id_i[0]
p:hart_id_i[1]
p:hart_id_i[2]
p:hart_id_i[3]
p:hart_id_i[4]
p:hart_id_i[5]
p:hart_id_i[6]
p:hart_id_i[7]
p:hart_id_i[8]
p:hart_id_i[9]
p:hart_id_i[10]
p:hart_id_i[11]
p:hart_id_i[12]
p:hart_id_i[13]
p:hart_id_i[14]
p:hart_id_i[15]
p:hart_id_i[16]
p:hart_id_i[17]
p:hart_id_i[18]
p:hart_id_i[19]
p:hart_id_i[20]
p:hart_id_i[21]
p:hart_id_i[22]
p:hart_id_i[23]
p:hart_id_i[24]
p:hart_id_i[25]
p:hart_id_i[26]
p:hart_id_i[27]
p:hart_id_i[28]
p:hart_id_i[29]
p:hart_id_i[30]
p:hart_id_i[31]
p:ipi_i
p:irq_i[0]
p:irq_i[1]
p:noc_req_o_ar_addr[0]
p:noc_req_o_ar_addr[1]
p:noc_req_o_ar_addr[2]
p:noc_req_o_ar_addr[3]
p:noc_req_o_ar_addr[4]
p:noc_req_o_ar_addr[5]
p:noc_req_o_ar_addr[6]
p:noc_req_o_ar_addr[7]
p:noc_req_o_ar_addr[8]
p:noc_req_o_ar_addr[9]
p:noc_req_o_ar_addr[10]
p:noc_req_o_ar_addr[11]
p:noc_req_o_ar_addr[12]
p:noc_req_o_ar_addr[13]
p:noc_req_o_ar_addr[14]
p:noc_req_o_ar_addr[15]
p:noc_req_o_ar_addr[16]
p:noc_req_o_ar_addr[17]
p:noc_req_o_ar_addr[18]
p:noc_req_o_ar_addr[19]
p:noc_req_o_ar_addr[20]
p:noc_req_o_ar_addr[21]
p:noc_req_o_ar_addr[22]
p:noc_req_o_ar_addr[23]
p:noc_req_o_ar_addr[24]
p:noc_req_o_ar_addr[25]
p:noc_req_o_ar_addr[26]
p:noc_req_o_ar_addr[27]
p:noc_req_o_ar_addr[28]
p:noc_req_o_ar_addr[29]
p:noc_req_o_ar_addr[30]
p:noc_req_o_ar_addr[31]
p:noc_req_o_ar_burst[0]
p:noc_req_o_ar_burst[1]
p:noc_req_o_ar_cache[0]
p:noc_req_o_ar_cache[1]
p:noc_req_o_ar_cache[2]
p:noc_req_o_ar_cache[3]
p:noc_req_o_ar_id[0]
p:noc_req_o_ar_id[1]
p:noc_req_o_ar_id[2]
p:noc_req_o_ar_id[3]
p:noc_req_o_ar_len[0]
p:noc_req_o_ar_len[1]
p:noc_req_o_ar_len[2]
p:noc_req_o_ar_len[3]
p:noc_req_o_ar_len[4]
p:noc_req_o_ar_len[5]
p:noc_req_o_ar_len[6]
p:noc_req_o_ar_len[7]
p:noc_req_o_ar_lock
p:noc_req_o_ar_prot[0]
p:noc_req_o_ar_prot[1]
p:noc_req_o_ar_prot[2]
p:noc_req_o_ar_qos[0]
p:noc_req_o_ar_qos[1]
p:noc_req_o_ar_qos[2]
p:noc_req_o_ar_qos[3]
p:noc_req_o_ar_region[0]
p:noc_req_o_ar_region[1]
p:noc_req_o_ar_region[2]
p:noc_req_o_ar_region[3]
p:noc_req_o_ar_size[0]
p:noc_req_o_ar_size[1]
p:noc_req_o_ar_size[2]
p:noc_req_o_ar_user[0]
p:noc_req_o_ar_user[1]
p:noc_req_o_ar_user[2]
p:noc_req_o_ar_user[3]
p:noc_req_o_ar_user[4]
p:noc_req_o_ar_user[5]
p:noc_req_o_ar_user[6]
p:noc_req_o_ar_user[7]
p:noc_req_o_ar_user[8]
p:noc_req_o_ar_user[9]
p:noc_req_o_ar_user[10]
p:noc_req_o_ar_user[11]
p:noc_req_o_ar_user[12]
p:noc_req_o_ar_user[13]
p:noc_req_o_ar_user[14]
p:noc_req_o_ar_user[15]
p:noc_req_o_ar_user[16]
p:noc_req_o_ar_user[17]
p:noc_req_o_ar_user[18]
p:noc_req_o_ar_user[19]
p:noc_req_o_ar_user[20]
p:noc_req_o_ar_user[21]
p:noc_req_o_ar_user[22]
p:noc_req_o_ar_user[23]
p:noc_req_o_ar_user[24]
p:noc_req_o_ar_user[25]
p:noc_req_o_ar_user[26]
p:noc_req_o_ar_user[27]
p:noc_req_o_ar_user[28]
p:noc_req_o_ar_user[29]
p:noc_req_o_ar_user[30]
p:noc_req_o_ar_user[31]
p:noc_req_o_ar_valid
p:noc_req_o_aw_addr[0]
p:noc_req_o_aw_addr[1]
p:noc_req_o_aw_addr[2]
p:noc_req_o_aw_addr[3]
p:noc_req_o_aw_addr[4]
p:noc_req_o_aw_addr[5]
p:noc_req_o_aw_addr[6]
p:noc_req_o_aw_addr[7]
p:noc_req_o_aw_addr[8]
p:noc_req_o_aw_addr[9]
p:noc_req_o_aw_addr[10]
p:noc_req_o_aw_addr[11]
p:noc_req_o_aw_addr[12]
p:noc_req_o_aw_addr[13]
p:noc_req_o_aw_addr[14]
p:noc_req_o_aw_addr[15]
p:noc_req_o_aw_addr[16]
p:noc_req_o_aw_addr[17]
p:noc_req_o_aw_addr[18]
p:noc_req_o_aw_addr[19]
p:noc_req_o_aw_addr[20]
p:noc_req_o_aw_addr[21]
p:noc_req_o_aw_addr[22]
p:noc_req_o_aw_addr[23]
p:noc_req_o_aw_addr[24]
p:noc_req_o_aw_addr[25]
p:noc_req_o_aw_addr[26]
p:noc_req_o_aw_addr[27]
p:noc_req_o_aw_addr[28]
p:noc_req_o_aw_addr[29]
p:noc_req_o_aw_addr[30]
p:noc_req_o_aw_addr[31]
p:noc_req_o_aw_burst[0]
p:noc_req_o_aw_burst[1]
p:noc_req_o_aw_cache[0]
p:noc_req_o_aw_cache[1]
p:noc_req_o_aw_cache[2]
p:noc_req_o_aw_cache[3]
p:noc_req_o_aw_id[0]
p:noc_req_o_aw_id[1]
p:noc_req_o_aw_id[2]
p:noc_req_o_aw_id[3]
p:noc_req_o_aw_len[0]
p:noc_req_o_aw_len[1]
p:noc_req_o_aw_len[2]
p:noc_req_o_aw_len[3]
p:noc_req_o_aw_len[4]
p:noc_req_o_aw_len[5]
p:noc_req_o_aw_len[6]
p:noc_req_o_aw_len[7]
p:noc_req_o_aw_lock
p:noc_req_o_aw_prot[0]
p:noc_req_o_aw_prot[1]
p:noc_req_o_aw_prot[2]
p:noc_req_o_aw_qos[0]
p:noc_req_o_aw_qos[1]
p:noc_req_o_aw_qos[2]
p:noc_req_o_aw_qos[3]
p:noc_req_o_aw_region[0]
p:noc_req_o_aw_region[1]
p:noc_req_o_aw_region[2]
p:noc_req_o_aw_region[3]
p:noc_req_o_aw_size[0]
p:noc_req_o_aw_size[1]
p:noc_req_o_aw_size[2]
p:noc_req_o_aw_user[0]
p:noc_req_o_aw_user[1]
p:noc_req_o_aw_user[2]
p:noc_req_o_aw_user[3]
p:noc_req_o_aw_user[4]
p:noc_req_o_aw_user[5]
p:noc_req_o_aw_user[6]
p:noc_req_o_aw_user[7]
p:noc_req_o_aw_user[8]
p:noc_req_o_aw_user[9]
p:noc_req_o_aw_user[10]
p:noc_req_o_aw_user[11]
p:noc_req_o_aw_user[12]
p:noc_req_o_aw_user[13]
p:noc_req_o_aw_user[14]
p:noc_req_o_aw_user[15]
p:noc_req_o_aw_user[16]
p:noc_req_o_aw_user[17]
p:noc_req_o_aw_user[18]
p:noc_req_o_aw_user[19]
p:noc_req_o_aw_user[20]
p:noc_req_o_aw_user[21]
p:noc_req_o_aw_user[22]
p:noc_req_o_aw_user[23]
p:noc_req_o_aw_user[24]
p:noc_req_o_aw_user[25]
p:noc_req_o_aw_user[26]
p:noc_req_o_aw_user[27]
p:noc_req_o_aw_user[28]
p:noc_req_o_aw_user[29]
p:noc_req_o_aw_user[30]
p:noc_req_o_aw_user[31]
p:noc_req_o_aw_valid
p:noc_req_o_b_ready
p:noc_req_o_r_ready
p:noc_req_o_w_data[0]
p:noc_req_o_w_data[1]
p:noc_req_o_w_data[2]
p:noc_req_o_w_data[3]
p:noc_req_o_w_data[4]
p:noc_req_o_w_data[5]
p:noc_req_o_w_data[6]
p:noc_req_o_w_data[7]
p:noc_req_o_w_data[8]
p:noc_req_o_w_data[9]
p:noc_req_o_w_data[10]
p:noc_req_o_w_data[11]
p:noc_req_o_w_data[12]
p:noc_req_o_w_data[13]
p:noc_req_o_w_data[14]
p:noc_req_o_w_data[15]
p:noc_req_o_w_data[16]
p:noc_req_o_w_data[17]
p:noc_req_o_w_data[18]
p:noc_req_o_w_data[19]
p:noc_req_o_w_data[20]
p:noc_req_o_w_data[21]
p:noc_req_o_w_data[22]
p:noc_req_o_w_data[23]
p:noc_req_o_w_data[24]
p:noc_req_o_w_data[25]
p:noc_req_o_w_data[26]
p:noc_req_o_w_data[27]
p:noc_req_o_w_data[28]
p:noc_req_o_w_data[29]
p:noc_req_o_w_data[30]
p:noc_req_o_w_data[31]
p:noc_req_o_w_last
p:noc_req_o_w_strb[0]
p:noc_req_o_w_strb[1]
p:noc_req_o_w_strb[2]
p:noc_req_o_w_strb[3]
p:noc_req_o_w_user[0]
p:noc_req_o_w_user[1]
p:noc_req_o_w_user[2]
p:noc_req_o_w_user[3]
p:noc_req_o_w_user[4]
p:noc_req_o_w_user[5]
p:noc_req_o_w_user[6]
p:noc_req_o_w_user[7]
p:noc_req_o_w_user[8]
p:noc_req_o_w_user[9]
p:noc_req_o_w_user[10]
p:noc_req_o_w_user[11]
p:noc_req_o_w_user[12]
p:noc_req_o_w_user[13]
p:noc_req_o_w_user[14]
p:noc_req_o_w_user[15]
p:noc_req_o_w_user[16]
p:noc_req_o_w_user[17]
p:noc_req_o_w_user[18]
p:noc_req_o_w_user[19]
p:noc_req_o_w_user[20]
p:noc_req_o_w_user[21]
p:noc_req_o_w_user[22]
p:noc_req_o_w_user[23]
p:noc_req_o_w_user[24]
p:noc_req_o_w_user[25]
p:noc_req_o_w_user[26]
p:noc_req_o_w_user[27]
p:noc_req_o_w_user[28]
p:noc_req_o_w_user[29]
p:noc_req_o_w_user[30]
p:noc_req_o_w_user[31]
p:noc_req_o_w_valid
p:noc_resp_i_ar_ready
p:noc_resp_i_aw_ready
p:noc_resp_i_b_id[0]
p:noc_resp_i_b_id[1]
p:noc_resp_i_b_id[2]
p:noc_resp_i_b_id[3]
p:noc_resp_i_b_resp[0]
p:noc_resp_i_b_resp[1]
p:noc_resp_i_b_user[0]
p:noc_resp_i_b_user[1]
p:noc_resp_i_b_user[2]
p:noc_resp_i_b_user[3]
p:noc_resp_i_b_user[4]
p:noc_resp_i_b_user[5]
p:noc_resp_i_b_user[6]
p:noc_resp_i_b_user[7]
p:noc_resp_i_b_user[8]
p:noc_resp_i_b_user[9]
p:noc_resp_i_b_user[10]
p:noc_resp_i_b_user[11]
p:noc_resp_i_b_user[12]
p:noc_resp_i_b_user[13]
p:noc_resp_i_b_user[14]
p:noc_resp_i_b_user[15]
p:noc_resp_i_b_user[16]
p:noc_resp_i_b_user[17]
p:noc_resp_i_b_user[18]
p:noc_resp_i_b_user[19]
p:noc_resp_i_b_user[20]
p:noc_resp_i_b_user[21]
p:noc_resp_i_b_user[22]
p:noc_resp_i_b_user[23]
p:noc_resp_i_b_user[24]
p:noc_resp_i_b_user[25]
p:noc_resp_i_b_user[26]
p:noc_resp_i_b_user[27]
p:noc_resp_i_b_user[28]
p:noc_resp_i_b_user[29]
p:noc_resp_i_b_user[30]
p:noc_resp_i_b_user[31]
p:noc_resp_i_b_valid
p:noc_resp_i_r_data[0]
p:noc_resp_i_r_data[1]
p:noc_resp_i_r_data[2]
p:noc_resp_i_r_data[3]
p:noc_resp_i_r_data[4]
p:noc_resp_i_r_data[5]
p:noc_resp_i_r_data[6]
p:noc_resp_i_r_data[7]
p:noc_resp_i_r_data[8]
p:noc_resp_i_r_data[9]
p:noc_resp_i_r_data[10]
p:noc_resp_i_r_data[11]
p:noc_resp_i_r_data[12]
p:noc_resp_i_r_data[13]
p:noc_resp_i_r_data[14]
p:noc_resp_i_r_data[15]
p:noc_resp_i_r_data[16]
p:noc_resp_i_r_data[17]
p:noc_resp_i_r_data[18]
p:noc_resp_i_r_data[19]
p:noc_resp_i_r_data[20]
p:noc_resp_i_r_data[21]
p:noc_resp_i_r_data[22]
p:noc_resp_i_r_data[23]
p:noc_resp_i_r_data[24]
p:noc_resp_i_r_data[25]
p:noc_resp_i_r_data[26]
p:noc_resp_i_r_data[27]
p:noc_resp_i_r_data[28]
p:noc_resp_i_r_data[29]
p:noc_resp_i_r_data[30]
p:noc_resp_i_r_data[31]
p:noc_resp_i_r_id[0]
p:noc_resp_i_r_id[1]
p:noc_resp_i_r_id[2]
p:noc_resp_i_r_id[3]
p:noc_resp_i_r_last
p:noc_resp_i_r_resp[0]
p:noc_resp_i_r_resp[1]
p:noc_resp_i_r_user[0]
p:noc_resp_i_r_user[1]
p:noc_resp_i_r_user[2]
p:noc_resp_i_r_user[3]
p:noc_resp_i_r_user[4]
p:noc_resp_i_r_user[5]
p:noc_resp_i_r_user[6]
p:noc_resp_i_r_user[7]
p:noc_resp_i_r_user[8]
p:noc_resp_i_r_user[9]
p:noc_resp_i_r_user[10]
p:noc_resp_i_r_user[11]
p:noc_resp_i_r_user[12]
p:noc_resp_i_r_user[13]
p:noc_resp_i_r_user[14]
p:noc_resp_i_r_user[15]
p:noc_resp_i_r_user[16]
p:noc_resp_i_r_user[17]
p:noc_resp_i_r_user[18]
p:noc_resp_i_r_user[19]
p:noc_resp_i_r_user[20]
p:noc_resp_i_r_user[21]
p:noc_resp_i_r_user[22]
p:noc_resp_i_r_user[23]
p:noc_resp_i_r_user[24]
p:noc_resp_i_r_user[25]
p:noc_resp_i_r_user[26]
p:noc_resp_i_r_user[27]
p:noc_resp_i_r_user[28]
p:noc_resp_i_r_user[29]
p:noc_resp_i_r_user[30]
p:noc_resp_i_r_user[31]
p:noc_resp_i_r_valid
p:noc_resp_i_w_ready
p:rst_ni
p:time_irq_i


Inapplicable constraints
************************

(none)


Applicable constraints with issues
**********************************

(none)


Constraints with matching wildcard expressions
**********************************************

(none)


Library Report
**************


# End of Constraint Checker Report
